******************************************************************************
                  TI ARM Linker PC v20.2.7                     
******************************************************************************
>> Linked Thu Feb 22 21:58:07 2024

OUTPUT FILE NAME:   <Lab3.2.out>
ENTRY POINT SYMBOL: "_c_int00_noargs"  address: 00005e49


MEMORY CONFIGURATION

         name            origin    length      used     unused   attr    fill
----------------------  --------  ---------  --------  --------  ----  --------
  FLASH                 00000000   00040000  00006468  00039b98  R  X
  SRAM                  20000000   00008000  00002702  000058fe  RW X


SEGMENT ALLOCATION MAP

run origin  load origin   length   init length attrs members
----------  ----------- ---------- ----------- ----- -------
00000000    00000000    00006468   00006468    r-x
  00000000    00000000    0000026c   0000026c    r-- .intvecs
  0000026c    0000026c    00005ee4   00005ee4    r-x .text
  00006150    00006150    00000270   00000270    r-- .const
  000063c0    000063c0    000000a8   000000a8    r-- .cinit
20000000    20000000    00002709   00000000    rw-
  20000000    20000000    0000026c   00000000    rw- .vtable
  20000270    20000270    00001000   00000000    rw- .stack
  20001270    20001270    00001000   00000000    rw- .sysmem
  20002270    20002270    00000285   00000000    rw- .bss
  200024f8    200024f8    00000211   00000000    rw- .data


SECTION ALLOCATION MAP

 output                                  attributes/
section   page    origin      length       input sections
--------  ----  ----------  ----------   ----------------
.intvecs   0    00000000    0000026c     
                  00000000    0000026c     tm4c123gh6pm_startup_ccs.obj (.intvecs)

.text      0    0000026c    00005ee4     
                  0000026c    00000c20     open_interface.obj (.text)
                  00000e8c    00000a4e     rtsv7M4_T_le_v4SPD16_eabi.lib : _printfi.c.obj (.text:__TI_printfi)
                  000018da    00000002                                   : _lock.c.obj (.text:_nop)
                  000018dc    00000738                                   : k_rem_pio2.c.obj (.text:__kernel_rem_pio2)
                  00002014    000005e0                                   : s_sin.c.obj (.text:sin)
                  000025f4    00000444     main.obj (.text)
                  00002a38    00000328     lcd.obj (.text)
                  00002d60    000002c4     movement.obj (.text)
                  00003024    00000270     rtsv7M4_T_le_v4SPD16_eabi.lib : _printfi.c.obj (.text:_pconv_a)
                  00003294    00000260     libcybotScan.lib : cyBot_Scan.obj (.text)
                  000034f4    00000248     Timer.obj (.text)
                  0000373c    000001ec     libcybotScan.lib : ping.obj (.text)
                  00003928    000001d0     rtsv7M4_T_le_v4SPD16_eabi.lib : _printfi.c.obj (.text:_pconv_g)
                  00003af8    000001b6                                   : fd_add_t2.asm.obj (.text)
                  00003cae    00000002                                   : div0.asm.obj (.text)
                  00003cb0    00000174                                   : k_sin.c.obj (.text:__kernel_sin)
                  00003e24    00000170                                   : k_cos.c.obj (.text:__kernel_cos)
                  00003f94    0000015c     libcybotUART.lib : uart.obj (.text)
                  000040f0    00000158     libcybotScan.lib : servo.obj (.text)
                  00004248    0000013c     rtsv7M4_T_le_v4SPD16_eabi.lib : _printfi.c.obj (.text:_pconv_e)
                  00004384    00000136                                   : fd_div_t2.asm.obj (.text)
                  000044ba    00000002     --HOLE-- [fill = 0]
                  000044bc    00000124                                   : _printfi.c.obj (.text:fcvt)
                  000045e0    00000118     libcybotScan.lib : ir.obj (.text)
                  000046f8    00000114     rtsv7M4_T_le_v4SPD16_eabi.lib : fputs.c.obj (.text:fputs)
                  0000480c    00000110                                   : s_scalbn.c.obj (.text:scalbn)
                  0000491c    00000100                                   : memory.c.obj (.text:aligned_alloc)
                  00004a1c    000000fc                                   : fd_mul_t2.asm.obj (.text)
                  00004b18    000000f8                                   : s_floor.c.obj (.text:floor)
                  00004c10    000000e4                                   : memory.c.obj (.text:free)
                  00004cf4    000000dc                                   : setvbuf.c.obj (.text:setvbuf)
                  00004dd0    000000ba                                   : qsort.c.obj (.text:qsort)
                  00004e8a    00000002     --HOLE-- [fill = 0]
                  00004e8c    000000b1                                   : _printfi.c.obj (.text:_ltostr)
                  00004f3d    00000001     --HOLE-- [fill = 0]
                  00004f3e    0000009c                                   : memcpy_t2.asm.obj (.text)
                  00004fda    00000096                                   : ull_div_t2.asm.obj (.text)
                  00005070    0000008c                                   : fputc.c.obj (.text:fputc)
                  000050fc    00000086                                   : fd_cmp_t2.asm.obj (.text:__aeabi_cdcmple)
                  00005182    00000086                                   : fd_cmp_t2.asm.obj (.text:__aeabi_cdrcmple)
                  00005208    0000007a                                   : memset_t2.asm.obj (.text)
                  00005282    00000002     --HOLE-- [fill = 0]
                  00005284    00000074                                   : fclose.c.obj (.text:__TI_closefile)
                  000052f8    00000070                                   : memory.c.obj (.text:split)
                  00005368    0000006e                                   : _printfi.c.obj (.text:_mcpy)
                  000053d6    0000006e                                   : fd_tos_t2.asm.obj (.text)
                  00005444    0000006c                                   : hostrename.c.obj (.text:HOSTrename)
                  000054b0    00000068                                   : hostlseek.c.obj (.text:HOSTlseek)
                  00005518    00000068                                   : copy_decompress_lzss.c.obj (.text:decompress:lzss:__TI_decompress_lzss)
                  00005580    00000068                                   : printf.c.obj (.text:printf)
                  000055e8    00000064                                   : s_frexp.c.obj (.text:frexp)
                  0000564c    00000064                                   : fseek.c.obj (.text:fseek)
                  000056b0    00000062                                   : _io_perm.c.obj (.text:__TI_wrt_ok)
                  00005712    00000002     --HOLE-- [fill = 0]
                  00005714    00000060                                   : hostopen.c.obj (.text:HOSTopen)
                  00005774    0000005c                                   : close.c.obj (.text:close)
                  000057d0    00000058                                   : hostread.c.obj (.text:HOSTread)
                  00005828    00000058                                   : hostwrite.c.obj (.text:HOSTwrite)
                  00005880    00000056                                   : _printfi.c.obj (.text:_pconv_f)
                  000058d6    00000054                                   : _ltoa.c.obj (.text:__TI_ltoa)
                  0000592a    00000002     --HOLE-- [fill = 0]
                  0000592c    00000054     custom.obj (.text)
                  00005980    00000052     rtsv7M4_T_le_v4SPD16_eabi.lib : _printfi.c.obj (.text:_ecpy)
                  000059d2    0000004c                                   : fflush.c.obj (.text:__TI_doflush)
                  00005a1e    00000002     --HOLE-- [fill = 0]
                  00005a20    0000004c                                   : atoi.c.obj (.text:atoi)
                  00005a6c    00000048                                   : exit.c.obj (.text:exit)
                  00005ab4    00000048                                   : fd_toi_t2.asm.obj (.text)
                  00005afc    00000044                                   : hostclose.c.obj (.text:HOSTclose)
                  00005b40    00000044                                   : hostunlink.c.obj (.text:HOSTunlink)
                  00005b84    00000044                                   : autoinit.c.obj (.text:__TI_auto_init_nobinit_nopinit:__TI_auto_init_nobinit_nopinit)
                  00005bc8    00000044                                   : getdevice.c.obj (.text:getdevice)
                  00005c0c    00000040                                   : sprintf.c.obj (.text:sprintf)
                  00005c4c    00000040                                   : vsnprintf.c.obj (.text:vsnprintf)
                  00005c8c    0000003e                                   : _printfi.c.obj (.text:_fcpy)
                  00005cca    00000002     --HOLE-- [fill = 0]
                  00005ccc    00000038                                   : trgmsg.c.obj (.text:__TI_writemsg)
                  00005d04    00000038                                   : memory.c.obj (.text:calloc)
                  00005d3c    00000038                                   : fs_tod_t2.asm.obj (.text)
                  00005d74    00000036                                   : strncpy.c.obj (.text:strncpy)
                  00005daa    00000002     --HOLE-- [fill = 0]
                  00005dac    00000034     driverlib.lib : interrupt.obj (.text:IntRegister)
                  00005de0    00000034     rtsv7M4_T_le_v4SPD16_eabi.lib : fopen.c.obj (.text:__TI_cleanup)
                  00005e14    00000034                                   : trgmsg.c.obj (.text:__TI_readmsg)
                  00005e48    00000034                                   : boot_cortex_m.c.obj (.text:_c_int00_noargs:_c_int00_noargs)
                  00005e7c    00000030                                   : vsnprintf.c.obj (.text:_outs)
                  00005eac    00000030                                   : getdevice.c.obj (.text:finddevice)
                  00005edc    0000002e                                   : i_tofd_t2.asm.obj (.text)
                  00005f0a    00000002     --HOLE-- [fill = 0]
                  00005f0c    0000002c                                   : unlink.c.obj (.text:unlink)
                  00005f38    00000028                                   : memory.c.obj (.text:free_list_insert)
                  00005f60    00000028                                   : lseek.c.obj (.text:lseek)
                  00005f88    00000028                                   : write.c.obj (.text:write)
                  00005fb0    00000020                                   : memchr.c.obj (.text:memchr)
                  00005fd0    0000001c                                   : memory.c.obj (.text:free_list_remove)
                  00005fec    0000001c                                   : memccpy.c.obj (.text:memccpy)
                  00006008    0000001a                                   : s_copysign.c.obj (.text:copysign)
                  00006022    00000018                                   : vsnprintf.c.obj (.text:_outc)
                  0000603a    00000018                                   : sprintf.c.obj (.text:_outs)
                  00006052    00000018     open_interface.obj (.text:oi_parseInt)
                  0000606a    00000018     rtsv7M4_T_le_v4SPD16_eabi.lib : strcmp.c.obj (.text:strcmp)
                  00006082    00000016                                   : strchr.c.obj (.text:strchr)
                  00006098    00000014                                   : strcpy.c.obj (.text:strcpy)
                  000060ac    00000014                                   : strlen.c.obj (.text:strlen)
                  000060c0    00000012                                   : wcslen.c.obj (.text:wcslen)
                  000060d2    00000010     driverlib.lib : interrupt.obj (.text:IntMasterEnable)
                  000060e2    00000010     lcd.obj (.text:lcd_clear)
                  000060f2    0000000e     rtsv7M4_T_le_v4SPD16_eabi.lib : copy_decompress_none.c.obj (.text:decompress:none:__TI_decompress_none)
                  00006100    0000000c     driverlib.lib : cpu.obj (.text:CPUcpsie)
                  0000610c    0000000c     rtsv7M4_T_le_v4SPD16_eabi.lib : copy_zero_init.c.obj (.text:decompress:ZI:__TI_zero_init)
                  00006118    0000000c     tm4c123gh6pm_startup_ccs.obj (.text)
                  00006124    0000000a     rtsv7M4_T_le_v4SPD16_eabi.lib : sprintf.c.obj (.text:_outc)
                  0000612e    00000002     --HOLE-- [fill = 0]
                  00006130    00000008                                   : errno.c.obj (.text:__aeabi_errno_addr)
                  00006138    00000008                                   : memory.c.obj (.text:malloc)
                  00006140    00000004                                   : printf.c.obj (.text:_outc)
                  00006144    00000004                                   : printf.c.obj (.text:_outs)
                  00006148    00000004                                   : pre_init.c.obj (.text:_system_pre_init)
                  0000614c    00000004                                   : exit.c.obj (.text:abort:abort)

.const     0    00006150    00000270     
                  00006150    00000158     rtsv7M4_T_le_v4SPD16_eabi.lib : k_rem_pio2.c.obj (.const:$O1$$)
                  000062a8    00000101                                   : ctype.c.obj (.const:.string:_ctypes_)
                  000063a9    0000000f     open_interface.obj (.const:.string:$P$T0$3)
                  000063b8    00000004     lcd.obj (.const:.string:lineAddress$1)
                  000063bc    00000004     lcd.obj (.const:.string:lineAddresses$2)

.cinit     0    000063c0    000000a8     
                  000063c0    00000072     (.cinit..data.load) [load image, compression = lzss]
                  00006432    00000002     --HOLE-- [fill = 0]
                  00006434    0000000c     (__TI_handler_table)
                  00006440    00000008     (.cinit..bss.load) [load image, compression = zero_init]
                  00006448    00000008     (.cinit..vtable.load) [load image, compression = zero_init]
                  00006450    00000018     (__TI_cinit_table)

.init_array 
*          0    00000000    00000000     UNINITIALIZED

.vtable    0    20000000    0000026c     UNINITIALIZED
                  20000000    0000026c     driverlib.lib : interrupt.obj (.vtable)

.stack     0    20000270    00001000     UNINITIALIZED
                  20000270    00000004     rtsv7M4_T_le_v4SPD16_eabi.lib : boot_cortex_m.c.obj (.stack)
                  20000274    00000ffc     --HOLE--

.sysmem    0    20001270    00001000     UNINITIALIZED
                  20001270    00000010     rtsv7M4_T_le_v4SPD16_eabi.lib : memory.c.obj (.sysmem)
                  20001280    00000ff0     --HOLE--

.bss       0    20002270    00000285     UNINITIALIZED
                  20002270    00000120     rtsv7M4_T_le_v4SPD16_eabi.lib : trgmsg.c.obj (.bss:_CIOBUF_)
                  20002390    000000a0     (.common:__TI_tmpnams)
                  20002430    00000054     lcd.obj (.bss:lastbuffer$3)
                  20002484    00000034     (.common:isr_char_buffer)
                  200024b8    00000018     open_interface.obj (.bss:firmware$2)
                  200024d0    00000008     (.common:parmbuf)
                  200024d8    00000004     (.common:_timeout_ticks)
                  200024dc    00000004     (.common:fallingEdge)
                  200024e0    00000004     (.common:isr_int_value)
                  200024e4    00000004     (.common:left_calibration_value)
                  200024e8    00000004     (.common:pulseLength)
                  200024ec    00000004     (.common:right_calibration_value)
                  200024f0    00000004     (.common:risingEdge)
                  200024f4    00000001     (.common:isRisingEdge)

.data      0    200024f8    00000211     UNINITIALIZED
                  200024f8    000000f0     rtsv7M4_T_le_v4SPD16_eabi.lib : defs.c.obj (.data:_ftable)
                  200025e8    00000078                                   : host_device.c.obj (.data:_device)
                  20002660    00000050                                   : host_device.c.obj (.data:_stream)
                  200026b0    00000020     open_interface.obj (.data)
                  200026d0    00000010     rtsv7M4_T_le_v4SPD16_eabi.lib : defs.c.obj (.data)
                  200026e0    0000000c                                   : exit.c.obj (.data:$O1$$)
                  200026ec    00000008                                   : _lock.c.obj (.data:$O1$$)
                  200026f4    00000008                                   : memory.c.obj (.data:$O1$$)
                  200026fc    00000004     libcybotScan.lib : cyBot_Scan.obj (.data)
                  20002700    00000004     libcybotUART.lib : uart.obj (.data)
                  20002704    00000004     rtsv7M4_T_le_v4SPD16_eabi.lib : errno.c.obj (.data)
                  20002708    00000001     Timer.obj (.data)

__llvm_prf_cnts 
*          0    20000000    00000000     UNINITIALIZED

MODULE SUMMARY

       Module                         code    ro data   rw data
       ------                         ----    -------   -------
    .\
       open_interface.obj             3128    15        56     
       main.obj                       1092    0         8      
       lcd.obj                        824     8         84     
       movement.obj                   708     0         0      
       tm4c123gh6pm_startup_ccs.obj   12      620       0      
       Timer.obj                      584     0         5      
       custom.obj                     84      0         0      
    +--+------------------------------+-------+---------+---------+
       Total:                         6432    643       153    
                                                               
    ../libcybotScan.lib
       cyBot_Scan.obj                 608     0         4      
       ping.obj                       492     0         13     
       servo.obj                      344     0         0      
       ir.obj                         280     0         4      
    +--+------------------------------+-------+---------+---------+
       Total:                         1724    0         21     
                                                               
    ../libcybotUART.lib
       uart.obj                       348     0         56     
    +--+------------------------------+-------+---------+---------+
       Total:                         348     0         56     
                                                               
    C:/ti/TivaWare_C_Series-2.2.0.295/driverlib/ccs/Debug/driverlib.lib
       interrupt.obj                  68      0         620    
       cpu.obj                        12      0         0      
    +--+------------------------------+-------+---------+---------+
       Total:                         80      0         620    
                                                               
    C:\ti\ccs1230\ccs\tools\compiler\ti-cgt-arm_20.2.7.LTS\lib\rtsv7M4_T_le_v4SPD16_eabi.lib
       _printfi.c.obj                 4851    0         0      
       k_rem_pio2.c.obj               1848    344       0      
       s_sin.c.obj                    1504    0         0      
       memory.c.obj                   728     0         8      
       fd_add_t2.asm.obj              438     0         0      
       defs.c.obj                     0       0         416    
       trgmsg.c.obj                   108     0         288    
       k_sin.c.obj                    372     0         0      
       k_cos.c.obj                    368     0         0      
       fd_div_t2.asm.obj              310     0         0      
       fputs.c.obj                    276     0         0      
       s_scalbn.c.obj                 272     0         0      
       fd_cmp_t2.asm.obj              268     0         0      
       ctype.c.obj                    0       257       0      
       fd_mul_t2.asm.obj              252     0         0      
       s_floor.c.obj                  248     0         0      
       setvbuf.c.obj                  220     0         0      
       host_device.c.obj              0       0         200    
       qsort.c.obj                    186     0         0      
       memcpy_t2.asm.obj              156     0         0      
       ull_div_t2.asm.obj             150     0         0      
       fputc.c.obj                    140     0         0      
       vsnprintf.c.obj                136     0         0      
       memset_t2.asm.obj              122     0         0      
       fclose.c.obj                   116     0         0      
       getdevice.c.obj                116     0         0      
       printf.c.obj                   112     0         0      
       fd_tos_t2.asm.obj              110     0         0      
       hostrename.c.obj               108     0         0      
       copy_decompress_lzss.c.obj     104     0         0      
       hostlseek.c.obj                104     0         0      
       hostopen.c.obj                 96      0         8      
       fseek.c.obj                    100     0         0      
       s_frexp.c.obj                  100     0         0      
       _io_perm.c.obj                 98      0         0      
       sprintf.c.obj                  98      0         0      
       close.c.obj                    92      0         0      
       exit.c.obj                     76      0         12     
       hostread.c.obj                 88      0         0      
       hostwrite.c.obj                88      0         0      
       _ltoa.c.obj                    84      0         0      
       atoi.c.obj                     76      0         0      
       fflush.c.obj                   76      0         0      
       fd_toi_t2.asm.obj              72      0         0      
       autoinit.c.obj                 68      0         0      
       hostclose.c.obj                68      0         0      
       hostunlink.c.obj               68      0         0      
       fs_tod_t2.asm.obj              56      0         0      
       strncpy.c.obj                  54      0         0      
       boot_cortex_m.c.obj            52      0         0      
       fopen.c.obj                    52      0         0      
       i_tofd_t2.asm.obj              46      0         0      
       unlink.c.obj                   44      0         0      
       lseek.c.obj                    40      0         0      
       write.c.obj                    40      0         0      
       memchr.c.obj                   32      0         0      
       memccpy.c.obj                  28      0         0      
       s_copysign.c.obj               26      0         0      
       strcmp.c.obj                   24      0         0      
       strchr.c.obj                   22      0         0      
       strcpy.c.obj                   20      0         0      
       strlen.c.obj                   20      0         0      
       wcslen.c.obj                   18      0         0      
       copy_decompress_none.c.obj     14      0         0      
       copy_zero_init.c.obj           12      0         0      
       errno.c.obj                    8       0         4      
       _lock.c.obj                    2       0         8      
       pre_init.c.obj                 4       0         0      
       div0.asm.obj                   2       0         0      
    +--+------------------------------+-------+---------+---------+
       Total:                         15687   601       944    
                                                               
       Heap:                          0       0         4096   
       Stack:                         0       0         4096   
       Linker Generated:              0       166       0      
    +--+------------------------------+-------+---------+---------+
       Grand Total:                   24271   1410      9986   


LINKER GENERATED COPY TABLES

__TI_cinit_table @ 00006450 records: 3, size/record: 8, table size: 24
	.data: load addr=000063c0, load size=00000072 bytes, run addr=200024f8, run size=00000211 bytes, compression=lzss
	.bss: load addr=00006440, load size=00000008 bytes, run addr=20002270, run size=00000285 bytes, compression=zero_init
	.vtable: load addr=00006448, load size=00000008 bytes, run addr=20000000, run size=0000026c bytes, compression=zero_init


LINKER GENERATED HANDLER TABLE

__TI_handler_table @ 00006434 records: 3, size/record: 4, table size: 12
	index: 0, handler: __TI_zero_init
	index: 1, handler: __TI_decompress_lzss
	index: 2, handler: __TI_decompress_none


GLOBAL SYMBOLS: SORTED ALPHABETICALLY BY Name 

address   name                           
-------   ----                           
00004679  ADC0SS0_Handler                
0000614d  C$$EXIT                        
00005cfb  C$$IO$$                        
00006101  CPUcpsie                       
00000bc3  GPIOF_Handler                  
00005afd  HOSTclose                      
000054b1  HOSTlseek                      
00005715  HOSTopen                       
000057d1  HOSTread                       
00005445  HOSTrename                     
00005b41  HOSTunlink                     
00005829  HOSTwrite                      
000060d3  IntMasterEnable                
00005dad  IntRegister                    
00005955  PuttyString                    
00006119  ResetISR                       
0000592d  SendCharToCybot                
0000382d  TIMER3B_Handler                
20002270  __CIOBUF_                      
20001270  __STACK_END                    
00001000  __STACK_SIZE                   
20000470  __STACK_TOP                    
00001000  __SYSMEM_SIZE                  
00006450  __TI_CINIT_Base                
00006468  __TI_CINIT_Limit               
00006434  __TI_Handler_Table_Base        
00006440  __TI_Handler_Table_Limit       
00005b85  __TI_auto_init_nobinit_nopinit 
00005de1  __TI_cleanup                   
200026e0  __TI_cleanup_ptr               
00005285  __TI_closefile                 
00005519  __TI_decompress_lzss           
000060f3  __TI_decompress_none           
000059d3  __TI_doflush                   
200026e4  __TI_dtors_ptr                 
200026e8  __TI_enable_exit_profile_output
200026d0  __TI_ft_end                    
000058d7  __TI_ltoa                      
ffffffff  __TI_pprof_out_hndl            
00000e8d  __TI_printfi                   
ffffffff  __TI_prof_data_size            
ffffffff  __TI_prof_data_start           
00005e15  __TI_readmsg                   
00000000  __TI_static_base__             
20002390  __TI_tmpnams                   
00005ccd  __TI_writemsg                  
000056b1  __TI_wrt_ok                    
0000610d  __TI_zero_init                 
000050fd  __aeabi_cdcmpeq                
000050fd  __aeabi_cdcmple                
00005183  __aeabi_cdrcmple               
000053d7  __aeabi_d2f                    
00005ab5  __aeabi_d2iz                   
00003b03  __aeabi_dadd                   
00004385  __aeabi_ddiv                   
00004a1d  __aeabi_dmul                   
00003af9  __aeabi_dsub                   
00006131  __aeabi_errno_addr             
00005d3d  __aeabi_f2d                    
00005edd  __aeabi_i2d                    
00003caf  __aeabi_idiv0                  
00003caf  __aeabi_ldiv0                  
00005209  __aeabi_memclr                 
00005209  __aeabi_memclr4                
00005209  __aeabi_memclr8                
00004f3f  __aeabi_memcpy                 
00004f3f  __aeabi_memcpy4                
00004f3f  __aeabi_memcpy8                
0000520b  __aeabi_memset                 
0000520b  __aeabi_memset4                
0000520b  __aeabi_memset8                
200026dc  __aeabi_stderr                 
200026d4  __aeabi_stdin                  
200026d8  __aeabi_stdout                 
00004fdb  __aeabi_uldivmod               
ffffffff  __binit__                      
ffffffff  __c_args__                     
00003e25  __kernel_cos                   
000018dd  __kernel_rem_pio2              
00003cb1  __kernel_sin                   
UNDEFED   __mpu_init                     
20000270  __stack                        
20000000  __start___llvm_prf_cnts        
20000000  __stop___llvm_prf_cnts         
00005e49  _c_int00_noargs                
000062a8  _ctypes_                       
200025e8  _device                        
200024f8  _ftable                        
200026ec  _lock                          
000018db  _nop                           
20002708  _running                       
20002660  _stream                        
20001270  _sys_memory                    
UNDEFED   _system_post_cinit             
00006149  _system_pre_init               
200024d8  _timeout_ticks                 
200026f0  _unlock                        
0000614d  abort                          
0000491d  aligned_alloc                  
00005a21  atoi                           
ffffffff  binit                          
00005d05  calloc                         
00005775  close                          
00006009  copysign                       
00006009  copysignl                      
0000336d  cyBOT_SERVO_cal                
000032fb  cyBOT_Scan                     
000032a3  cyBOT_init_Scan                
200026fc  cyBOT_scan_features            
00003295  cyBOT_scan_version             
0000409d  cyBot_UART1_Handler            
00004083  cyBot_getByte                  
00003f95  cyBot_sendByte                 
00004065  cyBot_uart_flush               
00003fd3  cyBot_uart_init                
00003fbb  cyBot_uart_sendBuffer          
00003fa1  cyBot_uart_sendStr             
20002704  errno                          
00005a6d  exit                           
200024dc  fallingEdge                    
00005ead  finddevice                     
000025f5  floatcomp                      
00004b19  floor                          
00004b19  floorl                         
00005071  fputc                          
000046f9  fputs                          
00004c11  free                           
000055e9  frexp                          
000055e9  frexpl                         
0000564d  fseek                          
20000000  g_pfnRAMVectors                
00000000  g_pfnVectors                   
00005bc9  getdevice                      
0000097f  go_charge                      
0000468f  ir_enableInterrupt             
00004671  ir_getDistance                 
00004649  ir_getValue                    
000045e1  ir_init                        
200024f4  isRisingEdge                   
20002484  isr_char_buffer                
20002700  isr_counter                    
200024e0  isr_int_value                  
000060e3  lcd_clear                      
00002c0d  lcd_gotoLine                   
00002a75  lcd_init                       
00002c73  lcd_printf                     
00002b35  lcd_putc                       
00002b6d  lcd_puts                       
00002a39  lcd_reverseNibble              
00002b8b  lcd_sendCommand                
00002bc9  lcd_sendNibble                 
00002c35  lcd_setCursorPos               
0000480d  ldexp                          
0000480d  ldexpl                         
200024e4  left_calibration_value         
00005f61  lseek                          
00002637  main                           
00006139  malloc                         
0000491d  memalign                       
00005fed  memccpy                        
00005fb1  memchr                         
00004f3f  memcpy                         
00005211  memset                         
200026b0  motor_cal_factor_L             
200026b4  motor_cal_factor_R             
00002e9d  move_backwards                 
00002d61  move_forward                   
0000026d  oi_alloc                       
00000aa9  oi_checkFirmware               
000002c7  oi_close                       
00000279  oi_free                        
00000ded  oi_getMotorCalibrationLeft     
00000e01  oi_getMotorCalibrationRight    
000002b1  oi_init                        
00000289  oi_init_noupdate               
00000915  oi_loadSong                    
00006053  oi_parseInt                    
0000032b  oi_parsePacket                 
0000096b  oi_play_song                   
0000084b  oi_setLeds                     
00000db1  oi_setMotorCalibration         
0000088f  oi_setWheels                   
00000b51  oi_shutoff_init                
0000098d  oi_uartInit                    
00000a31  oi_uartReceive                 
00000a77  oi_uartSendBuff                
00000a15  oi_uartSendChar                
00000a59  oi_uartSendStr                 
000002d9  oi_update                      
200024d0  parmbuf                        
0000387f  ping_getDistance               
0000373d  ping_init                      
000037c3  ping_trigger                   
00005581  printf                         
200024e8  pulseLength                    
00005071  putc                           
00004dd1  qsort                          
00005f0d  remove                         
200024ec  right_calibration_value        
200024f0  risingEdge                     
0000480d  scalbn                         
0000480d  scalbnl                        
000040f1  servo_init                     
00004181  servo_move                     
000041e1  servo_setPWM                   
00004175  servo_stop                     
00004cf5  setvbuf                        
00002015  sin                            
00002015  sinl                           
00005c0d  sprintf                        
00006083  strchr                         
0000606b  strcmp                         
00006099  strcpy                         
000060ad  strlen                         
00005d75  strncpy                        
00003613  timer_getMicros                
000035bb  timer_getMillis                
000034f5  timer_init                     
00003597  timer_pause                    
000035a9  timer_resume                   
0000356d  timer_stop                     
0000366d  timer_waitMicros               
0000369f  timer_waitMillis               
00002f87  turn_left                      
00002f19  turn_right                     
00005f0d  unlink                         
00005c4d  vsnprintf                      
000060c1  wcslen                         
00005f89  write                          


GLOBAL SYMBOLS: SORTED BY Symbol Address 

address   name                           
-------   ----                           
00000000  __TI_static_base__             
00000000  g_pfnVectors                   
0000026d  oi_alloc                       
00000279  oi_free                        
00000289  oi_init_noupdate               
000002b1  oi_init                        
000002c7  oi_close                       
000002d9  oi_update                      
0000032b  oi_parsePacket                 
0000084b  oi_setLeds                     
0000088f  oi_setWheels                   
00000915  oi_loadSong                    
0000096b  oi_play_song                   
0000097f  go_charge                      
0000098d  oi_uartInit                    
00000a15  oi_uartSendChar                
00000a31  oi_uartReceive                 
00000a59  oi_uartSendStr                 
00000a77  oi_uartSendBuff                
00000aa9  oi_checkFirmware               
00000b51  oi_shutoff_init                
00000bc3  GPIOF_Handler                  
00000db1  oi_setMotorCalibration         
00000ded  oi_getMotorCalibrationLeft     
00000e01  oi_getMotorCalibrationRight    
00000e8d  __TI_printfi                   
00001000  __STACK_SIZE                   
00001000  __SYSMEM_SIZE                  
000018db  _nop                           
000018dd  __kernel_rem_pio2              
00002015  sin                            
00002015  sinl                           
000025f5  floatcomp                      
00002637  main                           
00002a39  lcd_reverseNibble              
00002a75  lcd_init                       
00002b35  lcd_putc                       
00002b6d  lcd_puts                       
00002b8b  lcd_sendCommand                
00002bc9  lcd_sendNibble                 
00002c0d  lcd_gotoLine                   
00002c35  lcd_setCursorPos               
00002c73  lcd_printf                     
00002d61  move_forward                   
00002e9d  move_backwards                 
00002f19  turn_right                     
00002f87  turn_left                      
00003295  cyBOT_scan_version             
000032a3  cyBOT_init_Scan                
000032fb  cyBOT_Scan                     
0000336d  cyBOT_SERVO_cal                
000034f5  timer_init                     
0000356d  timer_stop                     
00003597  timer_pause                    
000035a9  timer_resume                   
000035bb  timer_getMillis                
00003613  timer_getMicros                
0000366d  timer_waitMicros               
0000369f  timer_waitMillis               
0000373d  ping_init                      
000037c3  ping_trigger                   
0000382d  TIMER3B_Handler                
0000387f  ping_getDistance               
00003af9  __aeabi_dsub                   
00003b03  __aeabi_dadd                   
00003caf  __aeabi_idiv0                  
00003caf  __aeabi_ldiv0                  
00003cb1  __kernel_sin                   
00003e25  __kernel_cos                   
00003f95  cyBot_sendByte                 
00003fa1  cyBot_uart_sendStr             
00003fbb  cyBot_uart_sendBuffer          
00003fd3  cyBot_uart_init                
00004065  cyBot_uart_flush               
00004083  cyBot_getByte                  
0000409d  cyBot_UART1_Handler            
000040f1  servo_init                     
00004175  servo_stop                     
00004181  servo_move                     
000041e1  servo_setPWM                   
00004385  __aeabi_ddiv                   
000045e1  ir_init                        
00004649  ir_getValue                    
00004671  ir_getDistance                 
00004679  ADC0SS0_Handler                
0000468f  ir_enableInterrupt             
000046f9  fputs                          
0000480d  ldexp                          
0000480d  ldexpl                         
0000480d  scalbn                         
0000480d  scalbnl                        
0000491d  aligned_alloc                  
0000491d  memalign                       
00004a1d  __aeabi_dmul                   
00004b19  floor                          
00004b19  floorl                         
00004c11  free                           
00004cf5  setvbuf                        
00004dd1  qsort                          
00004f3f  __aeabi_memcpy                 
00004f3f  __aeabi_memcpy4                
00004f3f  __aeabi_memcpy8                
00004f3f  memcpy                         
00004fdb  __aeabi_uldivmod               
00005071  fputc                          
00005071  putc                           
000050fd  __aeabi_cdcmpeq                
000050fd  __aeabi_cdcmple                
00005183  __aeabi_cdrcmple               
00005209  __aeabi_memclr                 
00005209  __aeabi_memclr4                
00005209  __aeabi_memclr8                
0000520b  __aeabi_memset                 
0000520b  __aeabi_memset4                
0000520b  __aeabi_memset8                
00005211  memset                         
00005285  __TI_closefile                 
000053d7  __aeabi_d2f                    
00005445  HOSTrename                     
000054b1  HOSTlseek                      
00005519  __TI_decompress_lzss           
00005581  printf                         
000055e9  frexp                          
000055e9  frexpl                         
0000564d  fseek                          
000056b1  __TI_wrt_ok                    
00005715  HOSTopen                       
00005775  close                          
000057d1  HOSTread                       
00005829  HOSTwrite                      
000058d7  __TI_ltoa                      
0000592d  SendCharToCybot                
00005955  PuttyString                    
000059d3  __TI_doflush                   
00005a21  atoi                           
00005a6d  exit                           
00005ab5  __aeabi_d2iz                   
00005afd  HOSTclose                      
00005b41  HOSTunlink                     
00005b85  __TI_auto_init_nobinit_nopinit 
00005bc9  getdevice                      
00005c0d  sprintf                        
00005c4d  vsnprintf                      
00005ccd  __TI_writemsg                  
00005cfb  C$$IO$$                        
00005d05  calloc                         
00005d3d  __aeabi_f2d                    
00005d75  strncpy                        
00005dad  IntRegister                    
00005de1  __TI_cleanup                   
00005e15  __TI_readmsg                   
00005e49  _c_int00_noargs                
00005ead  finddevice                     
00005edd  __aeabi_i2d                    
00005f0d  remove                         
00005f0d  unlink                         
00005f61  lseek                          
00005f89  write                          
00005fb1  memchr                         
00005fed  memccpy                        
00006009  copysign                       
00006009  copysignl                      
00006053  oi_parseInt                    
0000606b  strcmp                         
00006083  strchr                         
00006099  strcpy                         
000060ad  strlen                         
000060c1  wcslen                         
000060d3  IntMasterEnable                
000060e3  lcd_clear                      
000060f3  __TI_decompress_none           
00006101  CPUcpsie                       
0000610d  __TI_zero_init                 
00006119  ResetISR                       
00006131  __aeabi_errno_addr             
00006139  malloc                         
00006149  _system_pre_init               
0000614d  C$$EXIT                        
0000614d  abort                          
000062a8  _ctypes_                       
00006434  __TI_Handler_Table_Base        
00006440  __TI_Handler_Table_Limit       
00006450  __TI_CINIT_Base                
00006468  __TI_CINIT_Limit               
20000000  __start___llvm_prf_cnts        
20000000  __stop___llvm_prf_cnts         
20000000  g_pfnRAMVectors                
20000270  __stack                        
20000470  __STACK_TOP                    
20001270  __STACK_END                    
20001270  _sys_memory                    
20002270  __CIOBUF_                      
20002390  __TI_tmpnams                   
20002484  isr_char_buffer                
200024d0  parmbuf                        
200024d8  _timeout_ticks                 
200024dc  fallingEdge                    
200024e0  isr_int_value                  
200024e4  left_calibration_value         
200024e8  pulseLength                    
200024ec  right_calibration_value        
200024f0  risingEdge                     
200024f4  isRisingEdge                   
200024f8  _ftable                        
200025e8  _device                        
20002660  _stream                        
200026b0  motor_cal_factor_L             
200026b4  motor_cal_factor_R             
200026d0  __TI_ft_end                    
200026d4  __aeabi_stdin                  
200026d8  __aeabi_stdout                 
200026dc  __aeabi_stderr                 
200026e0  __TI_cleanup_ptr               
200026e4  __TI_dtors_ptr                 
200026e8  __TI_enable_exit_profile_output
200026ec  _lock                          
200026f0  _unlock                        
200026fc  cyBOT_scan_features            
20002700  isr_counter                    
20002704  errno                          
20002708  _running                       
ffffffff  __TI_pprof_out_hndl            
ffffffff  __TI_prof_data_size            
ffffffff  __TI_prof_data_start           
ffffffff  __binit__                      
ffffffff  __c_args__                     
ffffffff  binit                          
UNDEFED   __mpu_init                     
UNDEFED   _system_post_cinit             

[229 symbols]
