******************************************************************************
                  TI ARM Linker PC v20.2.7                     
******************************************************************************
>> Linked Fri Feb 16 13:59:34 2024

OUTPUT FILE NAME:   <Lab3.2.out>
ENTRY POINT SYMBOL: "_c_int00_noargs"  address: 00003db1


MEMORY CONFIGURATION

         name            origin    length      used     unused   attr    fill
----------------------  --------  ---------  --------  --------  ----  --------
  FLASH                 00000000   00040000  0000415c  0003bea4  R  X
  SRAM                  20000000   00008000  00002366  00005c9a  RW X


SEGMENT ALLOCATION MAP

run origin  load origin   length   init length attrs members
----------  ----------- ---------- ----------- ----- -------
00000000    00000000    00004160   00004160    r-x
  00000000    00000000    0000026c   0000026c    r-- .intvecs
  0000026c    0000026c    00003d88   00003d88    r-x .text
  00003ff4    00003ff4    00000118   00000118    r-- .const
  00004110    00004110    00000050   00000050    r-- .cinit
20000000    20000000    0000236d   00000000    rw-
  20000000    20000000    0000026c   00000000    rw- .vtable
  20000270    20000270    00001000   00000000    rw- .stack
  20001270    20001270    00001000   00000000    rw- .sysmem
  20002270    20002270    000000bd   00000000    rw- .bss
  20002330    20002330    0000003d   00000000    rw- .data


SECTION ALLOCATION MAP

 output                                  attributes/
section   page    origin      length       input sections
--------  ----  ----------  ----------   ----------------
.intvecs   0    00000000    0000026c     
                  00000000    0000026c     tm4c123gh6pm_startup_ccs.obj (.intvecs)

.text      0    0000026c    00003d88     
                  0000026c    00000c20     open_interface.obj (.text)
                  00000e8c    00000a4e     rtsv7M4_T_le_v4SPD16_eabi.lib : _printfi.c.obj (.text:__TI_printfi)
                  000018da    00000002                                   : _lock.c.obj (.text:_nop)
                  000018dc    00000328     lcd.obj (.text)
                  00001c04    00000270     rtsv7M4_T_le_v4SPD16_eabi.lib : _printfi.c.obj (.text:_pconv_a)
                  00001e74    00000260     libcybotScan.lib : cyBot_Scan.obj (.text)
                  000020d4    00000248     Timer.obj (.text)
                  0000231c    000001ec     libcybotScan.lib : ping.obj (.text)
                  00002508    000001d0     rtsv7M4_T_le_v4SPD16_eabi.lib : _printfi.c.obj (.text:_pconv_g)
                  000026d8    000001b6                                   : fd_add_t2.asm.obj (.text)
                  0000288e    00000002                                   : div0.asm.obj (.text)
                  00002890    0000015c     libcybotUART.lib : uart.obj (.text)
                  000029ec    00000158     libcybotScan.lib : servo.obj (.text)
                  00002b44    0000013c     rtsv7M4_T_le_v4SPD16_eabi.lib : _printfi.c.obj (.text:_pconv_e)
                  00002c80    00000136                                   : fd_div_t2.asm.obj (.text)
                  00002db6    00000002     --HOLE-- [fill = 0]
                  00002db8    00000124                                   : _printfi.c.obj (.text:fcvt)
                  00002edc    00000118     libcybotScan.lib : ir.obj (.text)
                  00002ff4    00000110     rtsv7M4_T_le_v4SPD16_eabi.lib : s_scalbn.c.obj (.text:scalbn)
                  00003104    00000100                                   : memory.c.obj (.text:aligned_alloc)
                  00003204    000000fc                                   : fd_mul_t2.asm.obj (.text)
                  00003300    000000e4                                   : memory.c.obj (.text:free)
                  000033e4    000000b8     main.obj (.text)
                  0000349c    000000b1     rtsv7M4_T_le_v4SPD16_eabi.lib : _printfi.c.obj (.text:_ltostr)
                  0000354d    00000001     --HOLE-- [fill = 0]
                  0000354e    0000009c                                   : memcpy_t2.asm.obj (.text)
                  000035ea    00000096                                   : ull_div_t2.asm.obj (.text)
                  00003680    00000086                                   : fd_cmp_t2.asm.obj (.text:__aeabi_cdcmple)
                  00003706    00000086                                   : fd_cmp_t2.asm.obj (.text:__aeabi_cdrcmple)
                  0000378c    0000007a                                   : memset_t2.asm.obj (.text)
                  00003806    00000002     --HOLE-- [fill = 0]
                  00003808    00000070                                   : memory.c.obj (.text:split)
                  00003878    0000006e                                   : _printfi.c.obj (.text:_mcpy)
                  000038e6    0000006e                                   : fd_tos_t2.asm.obj (.text)
                  00003954    00000068                                   : copy_decompress_lzss.c.obj (.text:decompress:lzss:__TI_decompress_lzss)
                  000039bc    00000064                                   : s_frexp.c.obj (.text:frexp)
                  00003a20    00000056                                   : _printfi.c.obj (.text:_pconv_f)
                  00003a76    00000054                                   : _ltoa.c.obj (.text:__TI_ltoa)
                  00003aca    00000002     --HOLE-- [fill = 0]
                  00003acc    00000054     custom.obj (.text)
                  00003b20    00000052     rtsv7M4_T_le_v4SPD16_eabi.lib : _printfi.c.obj (.text:_ecpy)
                  00003b72    00000002     --HOLE-- [fill = 0]
                  00003b74    0000004c                                   : atoi.c.obj (.text:atoi)
                  00003bc0    00000048                                   : fd_toi_t2.asm.obj (.text)
                  00003c08    00000044                                   : autoinit.c.obj (.text:__TI_auto_init_nobinit_nopinit:__TI_auto_init_nobinit_nopinit)
                  00003c4c    00000040                                   : sprintf.c.obj (.text:sprintf)
                  00003c8c    00000040                                   : vsnprintf.c.obj (.text:vsnprintf)
                  00003ccc    0000003e                                   : _printfi.c.obj (.text:_fcpy)
                  00003d0a    00000002     --HOLE-- [fill = 0]
                  00003d0c    00000038                                   : memory.c.obj (.text:calloc)
                  00003d44    00000038                                   : fs_tod_t2.asm.obj (.text)
                  00003d7c    00000034     driverlib.lib : interrupt.obj (.text:IntRegister)
                  00003db0    00000034     rtsv7M4_T_le_v4SPD16_eabi.lib : boot_cortex_m.c.obj (.text:_c_int00_noargs:_c_int00_noargs)
                  00003de4    00000030                                   : vsnprintf.c.obj (.text:_outs)
                  00003e14    0000002e                                   : i_tofd_t2.asm.obj (.text)
                  00003e42    00000002     --HOLE-- [fill = 0]
                  00003e44    00000028                                   : memory.c.obj (.text:free_list_insert)
                  00003e6c    0000001c                                   : copy_zero_init.c.obj (.text:decompress:ZI:__TI_zero_init_nomemset:__TI_zero_init_nomemset)
                  00003e88    0000001c                                   : memory.c.obj (.text:free_list_remove)
                  00003ea4    0000001c                                   : memccpy.c.obj (.text:memccpy)
                  00003ec0    0000001a                                   : s_copysign.c.obj (.text:copysign)
                  00003eda    00000018                                   : vsnprintf.c.obj (.text:_outc)
                  00003ef2    00000018                                   : sprintf.c.obj (.text:_outs)
                  00003f0a    00000018     open_interface.obj (.text:oi_parseInt)
                  00003f22    00000018     rtsv7M4_T_le_v4SPD16_eabi.lib : strcmp.c.obj (.text:strcmp)
                  00003f3a    00000016                                   : strchr.c.obj (.text:strchr)
                  00003f50    00000014                                   : strcpy.c.obj (.text:strcpy)
                  00003f64    00000014                                   : strlen.c.obj (.text:strlen)
                  00003f78    00000012                                   : wcslen.c.obj (.text:wcslen)
                  00003f8a    00000010     driverlib.lib : interrupt.obj (.text:IntMasterEnable)
                  00003f9a    00000010     lcd.obj (.text:lcd_clear)
                  00003faa    0000000e     rtsv7M4_T_le_v4SPD16_eabi.lib : copy_decompress_none.c.obj (.text:decompress:none:__TI_decompress_none)
                  00003fb8    0000000c     driverlib.lib : cpu.obj (.text:CPUcpsie)
                  00003fc4    0000000c     tm4c123gh6pm_startup_ccs.obj (.text)
                  00003fd0    0000000a     rtsv7M4_T_le_v4SPD16_eabi.lib : sprintf.c.obj (.text:_outc)
                  00003fda    00000002     --HOLE-- [fill = 0]
                  00003fdc    00000008                                   : errno.c.obj (.text:__aeabi_errno_addr)
                  00003fe4    00000008                                   : memory.c.obj (.text:malloc)
                  00003fec    00000004                                   : pre_init.c.obj (.text:_system_pre_init)
                  00003ff0    00000004                                   : exit.c.obj (.text:abort:abort)

.const     0    00003ff4    00000118     
                  00003ff4    00000101     rtsv7M4_T_le_v4SPD16_eabi.lib : ctype.c.obj (.const:.string:_ctypes_)
                  000040f5    0000000f     open_interface.obj (.const:.string:$P$T0$3)
                  00004104    00000004     lcd.obj (.const:.string:lineAddress$1)
                  00004108    00000004     lcd.obj (.const:.string:lineAddresses$2)

.cinit     0    00004110    00000050     
                  00004110    00000019     (.cinit..data.load) [load image, compression = lzss]
                  00004129    00000003     --HOLE-- [fill = 0]
                  0000412c    0000000c     (__TI_handler_table)
                  00004138    00000008     (.cinit..bss.load) [load image, compression = zero_init]
                  00004140    00000008     (.cinit..vtable.load) [load image, compression = zero_init]
                  00004148    00000018     (__TI_cinit_table)

.init_array 
*          0    00000000    00000000     UNINITIALIZED

.vtable    0    20000000    0000026c     UNINITIALIZED
                  20000000    0000026c     driverlib.lib : interrupt.obj (.vtable)

.stack     0    20000270    00001000     UNINITIALIZED
                  20000270    00000004     rtsv7M4_T_le_v4SPD16_eabi.lib : boot_cortex_m.c.obj (.stack)
                  20000274    00000ffc     --HOLE--

.sysmem    0    20001270    00001000     UNINITIALIZED
                  20001270    00000010     rtsv7M4_T_le_v4SPD16_eabi.lib : memory.c.obj (.sysmem)
                  20001280    00000ff0     --HOLE--

.bss       0    20002270    000000bd     UNINITIALIZED
                  20002270    00000054     lcd.obj (.bss:lastbuffer$3)
                  200022c4    00000034     (.common:isr_char_buffer)
                  200022f8    00000018     open_interface.obj (.bss:firmware$2)
                  20002310    00000004     (.common:_timeout_ticks)
                  20002314    00000004     (.common:fallingEdge)
                  20002318    00000004     (.common:isr_int_value)
                  2000231c    00000004     (.common:left_calibration_value)
                  20002320    00000004     (.common:pulseLength)
                  20002324    00000004     (.common:right_calibration_value)
                  20002328    00000004     (.common:risingEdge)
                  2000232c    00000001     (.common:isRisingEdge)

.data      0    20002330    0000003d     UNINITIALIZED
                  20002330    00000020     open_interface.obj (.data)
                  20002350    00000008     rtsv7M4_T_le_v4SPD16_eabi.lib : _lock.c.obj (.data:$O1$$)
                  20002358    00000008                                   : memory.c.obj (.data:$O1$$)
                  20002360    00000004     libcybotScan.lib : cyBot_Scan.obj (.data)
                  20002364    00000004     libcybotUART.lib : uart.obj (.data)
                  20002368    00000004     rtsv7M4_T_le_v4SPD16_eabi.lib : errno.c.obj (.data)
                  2000236c    00000001     Timer.obj (.data)

__llvm_prf_cnts 
*          0    20000000    00000000     UNINITIALIZED

MODULE SUMMARY

       Module                         code    ro data   rw data
       ------                         ----    -------   -------
    .\
       open_interface.obj             3128    15        56     
       lcd.obj                        824     8         84     
       tm4c123gh6pm_startup_ccs.obj   12      620       0      
       Timer.obj                      584     0         5      
       main.obj                       184     0         8      
       custom.obj                     84      0         0      
    +--+------------------------------+-------+---------+---------+
       Total:                         4816    643       153    
                                                               
    ../libcybotScan.lib
       cyBot_Scan.obj                 608     0         4      
       ping.obj                       492     0         13     
       servo.obj                      344     0         0      
       ir.obj                         280     0         4      
    +--+------------------------------+-------+---------+---------+
       Total:                         1724    0         21     
                                                               
    ../libcybotUART.lib
       uart.obj                       348     0         56     
    +--+------------------------------+-------+---------+---------+
       Total:                         348     0         56     
                                                               
    C:/ti/TivaWare_C_Series-2.2.0.295/driverlib/ccs/Debug/driverlib.lib
       interrupt.obj                  68      0         620    
       cpu.obj                        12      0         0      
    +--+------------------------------+-------+---------+---------+
       Total:                         80      0         620    
                                                               
    C:\ti\ccs1230\ccs\tools\compiler\ti-cgt-arm_20.2.7.LTS\lib\rtsv7M4_T_le_v4SPD16_eabi.lib
       _printfi.c.obj                 4851    0         0      
       memory.c.obj                   728     0         8      
       fd_add_t2.asm.obj              438     0         0      
       fd_div_t2.asm.obj              310     0         0      
       s_scalbn.c.obj                 272     0         0      
       fd_cmp_t2.asm.obj              268     0         0      
       ctype.c.obj                    0       257       0      
       fd_mul_t2.asm.obj              252     0         0      
       memcpy_t2.asm.obj              156     0         0      
       ull_div_t2.asm.obj             150     0         0      
       vsnprintf.c.obj                136     0         0      
       memset_t2.asm.obj              122     0         0      
       fd_tos_t2.asm.obj              110     0         0      
       copy_decompress_lzss.c.obj     104     0         0      
       s_frexp.c.obj                  100     0         0      
       sprintf.c.obj                  98      0         0      
       _ltoa.c.obj                    84      0         0      
       atoi.c.obj                     76      0         0      
       fd_toi_t2.asm.obj              72      0         0      
       autoinit.c.obj                 68      0         0      
       fs_tod_t2.asm.obj              56      0         0      
       boot_cortex_m.c.obj            52      0         0      
       i_tofd_t2.asm.obj              46      0         0      
       copy_zero_init.c.obj           28      0         0      
       memccpy.c.obj                  28      0         0      
       s_copysign.c.obj               26      0         0      
       strcmp.c.obj                   24      0         0      
       strchr.c.obj                   22      0         0      
       strcpy.c.obj                   20      0         0      
       strlen.c.obj                   20      0         0      
       wcslen.c.obj                   18      0         0      
       copy_decompress_none.c.obj     14      0         0      
       errno.c.obj                    8       0         4      
       _lock.c.obj                    2       0         8      
       exit.c.obj                     4       0         0      
       pre_init.c.obj                 4       0         0      
       div0.asm.obj                   2       0         0      
    +--+------------------------------+-------+---------+---------+
       Total:                         8769    257       20     
                                                               
       Heap:                          0       0         4096   
       Stack:                         0       0         4096   
       Linker Generated:              0       77        0      
    +--+------------------------------+-------+---------+---------+
       Grand Total:                   15737   977       9062   


LINKER GENERATED COPY TABLES

__TI_cinit_table @ 00004148 records: 3, size/record: 8, table size: 24
	.data: load addr=00004110, load size=00000019 bytes, run addr=20002330, run size=0000003d bytes, compression=lzss
	.bss: load addr=00004138, load size=00000008 bytes, run addr=20002270, run size=000000bd bytes, compression=zero_init
	.vtable: load addr=00004140, load size=00000008 bytes, run addr=20000000, run size=0000026c bytes, compression=zero_init


LINKER GENERATED HANDLER TABLE

__TI_handler_table @ 0000412c records: 3, size/record: 4, table size: 12
	index: 0, handler: __TI_zero_init
	index: 1, handler: __TI_decompress_lzss
	index: 2, handler: __TI_decompress_none


GLOBAL SYMBOLS: SORTED ALPHABETICALLY BY Name 

address   name                          
-------   ----                          
00002f75  ADC0SS0_Handler               
00003ff1  C$$EXIT                       
00003fb9  CPUcpsie                      
00000bc3  GPIOF_Handler                 
00003f8b  IntMasterEnable               
00003d7d  IntRegister                   
00003af5  PuttyString                   
00003fc5  ResetISR                      
00003acd  SendCharToCybot               
0000240d  TIMER3B_Handler               
20001270  __STACK_END                   
00001000  __STACK_SIZE                  
20000470  __STACK_TOP                   
00001000  __SYSMEM_SIZE                 
00004148  __TI_CINIT_Base               
00004160  __TI_CINIT_Limit              
0000412c  __TI_Handler_Table_Base       
00004138  __TI_Handler_Table_Limit      
00003c09  __TI_auto_init_nobinit_nopinit
00003955  __TI_decompress_lzss          
00003fab  __TI_decompress_none          
00003a77  __TI_ltoa                     
ffffffff  __TI_pprof_out_hndl           
00000e8d  __TI_printfi                  
ffffffff  __TI_prof_data_size           
ffffffff  __TI_prof_data_start          
00000000  __TI_static_base__            
00003e6d  __TI_zero_init_nomemset       
00003681  __aeabi_cdcmpeq               
00003681  __aeabi_cdcmple               
00003707  __aeabi_cdrcmple              
000038e7  __aeabi_d2f                   
00003bc1  __aeabi_d2iz                  
000026e3  __aeabi_dadd                  
00002c81  __aeabi_ddiv                  
00003205  __aeabi_dmul                  
000026d9  __aeabi_dsub                  
00003fdd  __aeabi_errno_addr            
00003d45  __aeabi_f2d                   
00003e15  __aeabi_i2d                   
0000288f  __aeabi_idiv0                 
0000288f  __aeabi_ldiv0                 
0000378d  __aeabi_memclr                
0000378d  __aeabi_memclr4               
0000378d  __aeabi_memclr8               
0000354f  __aeabi_memcpy                
0000354f  __aeabi_memcpy4               
0000354f  __aeabi_memcpy8               
0000378f  __aeabi_memset                
0000378f  __aeabi_memset4               
0000378f  __aeabi_memset8               
000035eb  __aeabi_uldivmod              
ffffffff  __binit__                     
ffffffff  __c_args__                    
UNDEFED   __mpu_init                    
20000270  __stack                       
20000000  __start___llvm_prf_cnts       
20000000  __stop___llvm_prf_cnts        
00003db1  _c_int00_noargs               
00003ff4  _ctypes_                      
20002350  _lock                         
000018db  _nop                          
2000236c  _running                      
20001270  _sys_memory                   
UNDEFED   _system_post_cinit            
00003fed  _system_pre_init              
20002310  _timeout_ticks                
20002354  _unlock                       
00003ff1  abort                         
00003105  aligned_alloc                 
00003b75  atoi                          
ffffffff  binit                         
00003d0d  calloc                        
00003ec1  copysign                      
00003ec1  copysignl                     
00001f4d  cyBOT_SERVO_cal               
00001edb  cyBOT_Scan                    
00001e83  cyBOT_init_Scan               
20002360  cyBOT_scan_features           
00001e75  cyBOT_scan_version            
00002999  cyBot_UART1_Handler           
0000297f  cyBot_getByte                 
00002891  cyBot_sendByte                
00002961  cyBot_uart_flush              
000028cf  cyBot_uart_init               
000028b7  cyBot_uart_sendBuffer         
0000289d  cyBot_uart_sendStr            
20002368  errno                         
20002314  fallingEdge                   
00003301  free                          
000039bd  frexp                         
000039bd  frexpl                        
20000000  g_pfnRAMVectors               
00000000  g_pfnVectors                  
0000097f  go_charge                     
00002f8b  ir_enableInterrupt            
00002f6d  ir_getDistance                
00002f45  ir_getValue                   
00002edd  ir_init                       
2000232c  isRisingEdge                  
200022c4  isr_char_buffer               
20002364  isr_counter                   
20002318  isr_int_value                 
00003f9b  lcd_clear                     
00001ab1  lcd_gotoLine                  
00001919  lcd_init                      
00001b17  lcd_printf                    
000019d9  lcd_putc                      
00001a11  lcd_puts                      
000018dd  lcd_reverseNibble             
00001a2f  lcd_sendCommand               
00001a6d  lcd_sendNibble                
00001ad9  lcd_setCursorPos              
00002ff5  ldexp                         
00002ff5  ldexpl                        
2000231c  left_calibration_value        
000033e5  main                          
00003fe5  malloc                        
00003105  memalign                      
00003ea5  memccpy                       
0000354f  memcpy                        
00003795  memset                        
20002330  motor_cal_factor_L            
20002334  motor_cal_factor_R            
0000026d  oi_alloc                      
00000aa9  oi_checkFirmware              
000002c7  oi_close                      
00000279  oi_free                       
00000ded  oi_getMotorCalibrationLeft    
00000e01  oi_getMotorCalibrationRight   
000002b1  oi_init                       
00000289  oi_init_noupdate              
00000915  oi_loadSong                   
00003f0b  oi_parseInt                   
0000032b  oi_parsePacket                
0000096b  oi_play_song                  
0000084b  oi_setLeds                    
00000db1  oi_setMotorCalibration        
0000088f  oi_setWheels                  
00000b51  oi_shutoff_init               
0000098d  oi_uartInit                   
00000a31  oi_uartReceive                
00000a77  oi_uartSendBuff               
00000a15  oi_uartSendChar               
00000a59  oi_uartSendStr                
000002d9  oi_update                     
0000245f  ping_getDistance              
0000231d  ping_init                     
000023a3  ping_trigger                  
20002320  pulseLength                   
20002324  right_calibration_value       
20002328  risingEdge                    
00002ff5  scalbn                        
00002ff5  scalbnl                       
000029ed  servo_init                    
00002a7d  servo_move                    
00002add  servo_setPWM                  
00002a71  servo_stop                    
00003c4d  sprintf                       
00003f3b  strchr                        
00003f23  strcmp                        
00003f51  strcpy                        
00003f65  strlen                        
000021f3  timer_getMicros               
0000219b  timer_getMillis               
000020d5  timer_init                    
00002177  timer_pause                   
00002189  timer_resume                  
0000214d  timer_stop                    
0000224d  timer_waitMicros              
0000227f  timer_waitMillis              
00003c8d  vsnprintf                     
00003f79  wcslen                        


GLOBAL SYMBOLS: SORTED BY Symbol Address 

address   name                          
-------   ----                          
00000000  __TI_static_base__            
00000000  g_pfnVectors                  
0000026d  oi_alloc                      
00000279  oi_free                       
00000289  oi_init_noupdate              
000002b1  oi_init                       
000002c7  oi_close                      
000002d9  oi_update                     
0000032b  oi_parsePacket                
0000084b  oi_setLeds                    
0000088f  oi_setWheels                  
00000915  oi_loadSong                   
0000096b  oi_play_song                  
0000097f  go_charge                     
0000098d  oi_uartInit                   
00000a15  oi_uartSendChar               
00000a31  oi_uartReceive                
00000a59  oi_uartSendStr                
00000a77  oi_uartSendBuff               
00000aa9  oi_checkFirmware              
00000b51  oi_shutoff_init               
00000bc3  GPIOF_Handler                 
00000db1  oi_setMotorCalibration        
00000ded  oi_getMotorCalibrationLeft    
00000e01  oi_getMotorCalibrationRight   
00000e8d  __TI_printfi                  
00001000  __STACK_SIZE                  
00001000  __SYSMEM_SIZE                 
000018db  _nop                          
000018dd  lcd_reverseNibble             
00001919  lcd_init                      
000019d9  lcd_putc                      
00001a11  lcd_puts                      
00001a2f  lcd_sendCommand               
00001a6d  lcd_sendNibble                
00001ab1  lcd_gotoLine                  
00001ad9  lcd_setCursorPos              
00001b17  lcd_printf                    
00001e75  cyBOT_scan_version            
00001e83  cyBOT_init_Scan               
00001edb  cyBOT_Scan                    
00001f4d  cyBOT_SERVO_cal               
000020d5  timer_init                    
0000214d  timer_stop                    
00002177  timer_pause                   
00002189  timer_resume                  
0000219b  timer_getMillis               
000021f3  timer_getMicros               
0000224d  timer_waitMicros              
0000227f  timer_waitMillis              
0000231d  ping_init                     
000023a3  ping_trigger                  
0000240d  TIMER3B_Handler               
0000245f  ping_getDistance              
000026d9  __aeabi_dsub                  
000026e3  __aeabi_dadd                  
0000288f  __aeabi_idiv0                 
0000288f  __aeabi_ldiv0                 
00002891  cyBot_sendByte                
0000289d  cyBot_uart_sendStr            
000028b7  cyBot_uart_sendBuffer         
000028cf  cyBot_uart_init               
00002961  cyBot_uart_flush              
0000297f  cyBot_getByte                 
00002999  cyBot_UART1_Handler           
000029ed  servo_init                    
00002a71  servo_stop                    
00002a7d  servo_move                    
00002add  servo_setPWM                  
00002c81  __aeabi_ddiv                  
00002edd  ir_init                       
00002f45  ir_getValue                   
00002f6d  ir_getDistance                
00002f75  ADC0SS0_Handler               
00002f8b  ir_enableInterrupt            
00002ff5  ldexp                         
00002ff5  ldexpl                        
00002ff5  scalbn                        
00002ff5  scalbnl                       
00003105  aligned_alloc                 
00003105  memalign                      
00003205  __aeabi_dmul                  
00003301  free                          
000033e5  main                          
0000354f  __aeabi_memcpy                
0000354f  __aeabi_memcpy4               
0000354f  __aeabi_memcpy8               
0000354f  memcpy                        
000035eb  __aeabi_uldivmod              
00003681  __aeabi_cdcmpeq               
00003681  __aeabi_cdcmple               
00003707  __aeabi_cdrcmple              
0000378d  __aeabi_memclr                
0000378d  __aeabi_memclr4               
0000378d  __aeabi_memclr8               
0000378f  __aeabi_memset                
0000378f  __aeabi_memset4               
0000378f  __aeabi_memset8               
00003795  memset                        
000038e7  __aeabi_d2f                   
00003955  __TI_decompress_lzss          
000039bd  frexp                         
000039bd  frexpl                        
00003a77  __TI_ltoa                     
00003acd  SendCharToCybot               
00003af5  PuttyString                   
00003b75  atoi                          
00003bc1  __aeabi_d2iz                  
00003c09  __TI_auto_init_nobinit_nopinit
00003c4d  sprintf                       
00003c8d  vsnprintf                     
00003d0d  calloc                        
00003d45  __aeabi_f2d                   
00003d7d  IntRegister                   
00003db1  _c_int00_noargs               
00003e15  __aeabi_i2d                   
00003e6d  __TI_zero_init_nomemset       
00003ea5  memccpy                       
00003ec1  copysign                      
00003ec1  copysignl                     
00003f0b  oi_parseInt                   
00003f23  strcmp                        
00003f3b  strchr                        
00003f51  strcpy                        
00003f65  strlen                        
00003f79  wcslen                        
00003f8b  IntMasterEnable               
00003f9b  lcd_clear                     
00003fab  __TI_decompress_none          
00003fb9  CPUcpsie                      
00003fc5  ResetISR                      
00003fdd  __aeabi_errno_addr            
00003fe5  malloc                        
00003fed  _system_pre_init              
00003ff1  C$$EXIT                       
00003ff1  abort                         
00003ff4  _ctypes_                      
0000412c  __TI_Handler_Table_Base       
00004138  __TI_Handler_Table_Limit      
00004148  __TI_CINIT_Base               
00004160  __TI_CINIT_Limit              
20000000  __start___llvm_prf_cnts       
20000000  __stop___llvm_prf_cnts        
20000000  g_pfnRAMVectors               
20000270  __stack                       
20000470  __STACK_TOP                   
20001270  __STACK_END                   
20001270  _sys_memory                   
200022c4  isr_char_buffer               
20002310  _timeout_ticks                
20002314  fallingEdge                   
20002318  isr_int_value                 
2000231c  left_calibration_value        
20002320  pulseLength                   
20002324  right_calibration_value       
20002328  risingEdge                    
2000232c  isRisingEdge                  
20002330  motor_cal_factor_L            
20002334  motor_cal_factor_R            
20002350  _lock                         
20002354  _unlock                       
20002360  cyBOT_scan_features           
20002364  isr_counter                   
20002368  errno                         
2000236c  _running                      
ffffffff  __TI_pprof_out_hndl           
ffffffff  __TI_prof_data_size           
ffffffff  __TI_prof_data_start          
ffffffff  __binit__                     
ffffffff  __c_args__                    
ffffffff  binit                         
UNDEFED   __mpu_init                    
UNDEFED   _system_post_cinit            

[173 symbols]
