******************************************************************************
                  TI ARM Linker PC v20.2.7                     
******************************************************************************
>> Linked Wed Apr 24 12:42:34 2024

OUTPUT FILE NAME:   <LabFinal.out>
ENTRY POINT SYMBOL: "_c_int00_noargs"  address: 000041d5


MEMORY CONFIGURATION

         name            origin    length      used     unused   attr    fill
----------------------  --------  ---------  --------  --------  ----  --------
  FLASH                 00000000   00040000  00004678  0003b988  R  X
  SRAM                  20000000   00008000  000026e5  0000591b  RW X


SEGMENT ALLOCATION MAP

run origin  load origin   length   init length attrs members
----------  ----------- ---------- ----------- ----- -------
00000000    00000000    00004678   00004678    r-x
  00000000    00000000    0000026c   0000026c    r-- .intvecs
  0000026c    0000026c    0000424c   0000424c    r-x .text
  000044b8    000044b8    00000118   00000118    r-- .const
  000045d0    000045d0    000000a8   000000a8    r-- .cinit
20000000    20000000    000026e9   00000000    rw-
  20000000    20000000    0000026c   00000000    rw- .vtable
  20000270    20000270    00001000   00000000    rw- .stack
  20001270    20001270    00001000   00000000    rw- .sysmem
  20002270    20002270    0000026c   00000000    rw- .bss
  200024dc    200024dc    0000020d   00000000    rw- .data


SECTION ALLOCATION MAP

 output                                  attributes/
section   page    origin      length       input sections
--------  ----  ----------  ----------   ----------------
.intvecs   0    00000000    0000026c     
                  00000000    0000026c     tm4c123gh6pm_startup_ccs.obj (.intvecs)

.text      0    0000026c    0000424c     
                  0000026c    00000c20     open_interface.obj (.text)
                  00000e8c    00000a4e     rtsv7M4_T_le_v4SPD16_eabi.lib : _printfi.c.obj (.text:__TI_printfi)
                  000018da    00000002                                   : _lock.c.obj (.text:_nop)
                  000018dc    00000328     lcd.obj (.text)
                  00001c04    000002c4     movement.obj (.text)
                  00001ec8    00000270     rtsv7M4_T_le_v4SPD16_eabi.lib : _printfi.c.obj (.text:_pconv_a)
                  00002138    00000248     Timer.obj (.text)
                  00002380    000001d0     rtsv7M4_T_le_v4SPD16_eabi.lib : _printfi.c.obj (.text:_pconv_g)
                  00002550    000001b6                                   : fd_add_t2.asm.obj (.text)
                  00002706    00000002                                   : div0.asm.obj (.text)
                  00002708    0000015c     libcybotUART.lib : uart.obj (.text)
                  00002864    0000013c     rtsv7M4_T_le_v4SPD16_eabi.lib : _printfi.c.obj (.text:_pconv_e)
                  000029a0    00000136                                   : fd_div_t2.asm.obj (.text)
                  00002ad6    00000002     --HOLE-- [fill = 0]
                  00002ad8    00000124                                   : _printfi.c.obj (.text:fcvt)
                  00002bfc    00000114                                   : fputs.c.obj (.text:fputs)
                  00002d10    00000110                                   : s_scalbn.c.obj (.text:scalbn)
                  00002e20    00000100                                   : memory.c.obj (.text:aligned_alloc)
                  00002f20    000000fc                                   : fd_mul_t2.asm.obj (.text)
                  0000301c    000000e4                                   : memory.c.obj (.text:free)
                  00003100    000000dc                                   : setvbuf.c.obj (.text:setvbuf)
                  000031dc    000000d4     Simple-CyBot-echo.obj (.text)
                  000032b0    000000b1     rtsv7M4_T_le_v4SPD16_eabi.lib : _printfi.c.obj (.text:_ltostr)
                  00003361    00000001     --HOLE-- [fill = 0]
                  00003362    0000009c                                   : memcpy_t2.asm.obj (.text)
                  000033fe    00000096                                   : ull_div_t2.asm.obj (.text)
                  00003494    0000008c                                   : fputc.c.obj (.text:fputc)
                  00003520    00000086                                   : fd_cmp_t2.asm.obj (.text:__aeabi_cdcmple)
                  000035a6    00000086                                   : fd_cmp_t2.asm.obj (.text:__aeabi_cdrcmple)
                  0000362c    0000007a                                   : memset_t2.asm.obj (.text)
                  000036a6    00000002     --HOLE-- [fill = 0]
                  000036a8    00000074                                   : fclose.c.obj (.text:__TI_closefile)
                  0000371c    00000070                                   : memory.c.obj (.text:split)
                  0000378c    0000006e                                   : _printfi.c.obj (.text:_mcpy)
                  000037fa    0000006e                                   : fd_tos_t2.asm.obj (.text)
                  00003868    0000006c                                   : hostrename.c.obj (.text:HOSTrename)
                  000038d4    00000068                                   : hostlseek.c.obj (.text:HOSTlseek)
                  0000393c    00000068                                   : copy_decompress_lzss.c.obj (.text:decompress:lzss:__TI_decompress_lzss)
                  000039a4    00000068                                   : printf.c.obj (.text:printf)
                  00003a0c    00000064                                   : s_frexp.c.obj (.text:frexp)
                  00003a70    00000064                                   : fseek.c.obj (.text:fseek)
                  00003ad4    00000062                                   : _io_perm.c.obj (.text:__TI_wrt_ok)
                  00003b36    00000002     --HOLE-- [fill = 0]
                  00003b38    00000060                                   : hostopen.c.obj (.text:HOSTopen)
                  00003b98    0000005c                                   : close.c.obj (.text:close)
                  00003bf4    00000058                                   : hostread.c.obj (.text:HOSTread)
                  00003c4c    00000058                                   : hostwrite.c.obj (.text:HOSTwrite)
                  00003ca4    00000056                                   : _printfi.c.obj (.text:_pconv_f)
                  00003cfa    00000054                                   : _ltoa.c.obj (.text:__TI_ltoa)
                  00003d4e    00000052                                   : _printfi.c.obj (.text:_ecpy)
                  00003da0    0000004c                                   : fflush.c.obj (.text:__TI_doflush)
                  00003dec    0000004c                                   : atoi.c.obj (.text:atoi)
                  00003e38    00000048                                   : exit.c.obj (.text:exit)
                  00003e80    00000048                                   : fd_toi_t2.asm.obj (.text)
                  00003ec8    00000044                                   : hostclose.c.obj (.text:HOSTclose)
                  00003f0c    00000044                                   : hostunlink.c.obj (.text:HOSTunlink)
                  00003f50    00000044                                   : autoinit.c.obj (.text:__TI_auto_init_nobinit_nopinit:__TI_auto_init_nobinit_nopinit)
                  00003f94    00000044                                   : getdevice.c.obj (.text:getdevice)
                  00003fd8    00000040                                   : vsnprintf.c.obj (.text:vsnprintf)
                  00004018    0000003e                                   : _printfi.c.obj (.text:_fcpy)
                  00004056    00000002     --HOLE-- [fill = 0]
                  00004058    00000038                                   : trgmsg.c.obj (.text:__TI_writemsg)
                  00004090    00000038                                   : memory.c.obj (.text:calloc)
                  000040c8    00000038                                   : fs_tod_t2.asm.obj (.text)
                  00004100    00000036                                   : strncpy.c.obj (.text:strncpy)
                  00004136    00000002     --HOLE-- [fill = 0]
                  00004138    00000034     driverlib.lib : interrupt.obj (.text:IntRegister)
                  0000416c    00000034     rtsv7M4_T_le_v4SPD16_eabi.lib : fopen.c.obj (.text:__TI_cleanup)
                  000041a0    00000034                                   : trgmsg.c.obj (.text:__TI_readmsg)
                  000041d4    00000034                                   : boot_cortex_m.c.obj (.text:_c_int00_noargs:_c_int00_noargs)
                  00004208    00000030                                   : vsnprintf.c.obj (.text:_outs)
                  00004238    00000030                                   : getdevice.c.obj (.text:finddevice)
                  00004268    0000002e                                   : i_tofd_t2.asm.obj (.text)
                  00004296    00000002     --HOLE-- [fill = 0]
                  00004298    0000002c                                   : unlink.c.obj (.text:unlink)
                  000042c4    00000028                                   : memory.c.obj (.text:free_list_insert)
                  000042ec    00000028                                   : lseek.c.obj (.text:lseek)
                  00004314    00000028                                   : write.c.obj (.text:write)
                  0000433c    00000020                                   : memchr.c.obj (.text:memchr)
                  0000435c    0000001c                                   : memory.c.obj (.text:free_list_remove)
                  00004378    0000001c                                   : memccpy.c.obj (.text:memccpy)
                  00004394    0000001a                                   : s_copysign.c.obj (.text:copysign)
                  000043ae    00000018                                   : vsnprintf.c.obj (.text:_outc)
                  000043c6    00000018     open_interface.obj (.text:oi_parseInt)
                  000043de    00000018     rtsv7M4_T_le_v4SPD16_eabi.lib : strcmp.c.obj (.text:strcmp)
                  000043f6    00000016                                   : strchr.c.obj (.text:strchr)
                  0000440c    00000014                                   : strcpy.c.obj (.text:strcpy)
                  00004420    00000014                                   : strlen.c.obj (.text:strlen)
                  00004434    00000012                                   : wcslen.c.obj (.text:wcslen)
                  00004446    00000010     driverlib.lib : interrupt.obj (.text:IntMasterEnable)
                  00004456    00000010     lcd.obj (.text:lcd_clear)
                  00004466    0000000e     rtsv7M4_T_le_v4SPD16_eabi.lib : copy_decompress_none.c.obj (.text:decompress:none:__TI_decompress_none)
                  00004474    0000000c     driverlib.lib : cpu.obj (.text:CPUcpsie)
                  00004480    0000000c     rtsv7M4_T_le_v4SPD16_eabi.lib : copy_zero_init.c.obj (.text:decompress:ZI:__TI_zero_init)
                  0000448c    0000000c     tm4c123gh6pm_startup_ccs.obj (.text)
                  00004498    00000008     rtsv7M4_T_le_v4SPD16_eabi.lib : errno.c.obj (.text:__aeabi_errno_addr)
                  000044a0    00000008                                   : memory.c.obj (.text:malloc)
                  000044a8    00000004                                   : printf.c.obj (.text:_outc)
                  000044ac    00000004                                   : printf.c.obj (.text:_outs)
                  000044b0    00000004                                   : pre_init.c.obj (.text:_system_pre_init)
                  000044b4    00000004                                   : exit.c.obj (.text:abort:abort)

.const     0    000044b8    00000118     
                  000044b8    00000101     rtsv7M4_T_le_v4SPD16_eabi.lib : ctype.c.obj (.const:.string:_ctypes_)
                  000045b9    0000000f     open_interface.obj (.const:.string:$P$T0$3)
                  000045c8    00000004     lcd.obj (.const:.string:lineAddress$1)
                  000045cc    00000004     lcd.obj (.const:.string:lineAddresses$2)

.cinit     0    000045d0    000000a8     
                  000045d0    00000072     (.cinit..data.load) [load image, compression = lzss]
                  00004642    00000002     --HOLE-- [fill = 0]
                  00004644    0000000c     (__TI_handler_table)
                  00004650    00000008     (.cinit..bss.load) [load image, compression = zero_init]
                  00004658    00000008     (.cinit..vtable.load) [load image, compression = zero_init]
                  00004660    00000018     (__TI_cinit_table)

.init_array 
*          0    00000000    00000000     UNINITIALIZED

.vtable    0    20000000    0000026c     UNINITIALIZED
                  20000000    0000026c     driverlib.lib : interrupt.obj (.vtable)

.stack     0    20000270    00001000     UNINITIALIZED
                  20000270    00000004     rtsv7M4_T_le_v4SPD16_eabi.lib : boot_cortex_m.c.obj (.stack)
                  20000274    00000ffc     --HOLE--

.sysmem    0    20001270    00001000     UNINITIALIZED
                  20001270    00000010     rtsv7M4_T_le_v4SPD16_eabi.lib : memory.c.obj (.sysmem)
                  20001280    00000ff0     --HOLE--

.bss       0    20002270    0000026c     UNINITIALIZED
                  20002270    00000120     rtsv7M4_T_le_v4SPD16_eabi.lib : trgmsg.c.obj (.bss:_CIOBUF_)
                  20002390    000000a0     (.common:__TI_tmpnams)
                  20002430    00000054     lcd.obj (.bss:lastbuffer$3)
                  20002484    00000034     (.common:isr_char_buffer)
                  200024b8    00000018     open_interface.obj (.bss:firmware$2)
                  200024d0    00000008     (.common:parmbuf)
                  200024d8    00000004     (.common:_timeout_ticks)

.data      0    200024dc    0000020d     UNINITIALIZED
                  200024dc    000000f0     rtsv7M4_T_le_v4SPD16_eabi.lib : defs.c.obj (.data:_ftable)
                  200025cc    00000078                                   : host_device.c.obj (.data:_device)
                  20002644    00000050                                   : host_device.c.obj (.data:_stream)
                  20002694    00000020     open_interface.obj (.data)
                  200026b4    00000010     rtsv7M4_T_le_v4SPD16_eabi.lib : defs.c.obj (.data)
                  200026c4    0000000c                                   : exit.c.obj (.data:$O1$$)
                  200026d0    00000008                                   : _lock.c.obj (.data:$O1$$)
                  200026d8    00000008                                   : memory.c.obj (.data:$O1$$)
                  200026e0    00000004     libcybotUART.lib : uart.obj (.data)
                  200026e4    00000004     rtsv7M4_T_le_v4SPD16_eabi.lib : errno.c.obj (.data)
                  200026e8    00000001     Timer.obj (.data)

__llvm_prf_cnts 
*          0    20000000    00000000     UNINITIALIZED

MODULE SUMMARY

       Module                         code    ro data   rw data
       ------                         ----    -------   -------
    .\
       open_interface.obj             3128    15        56     
       lcd.obj                        824     8         84     
       movement.obj                   708     0         0      
       tm4c123gh6pm_startup_ccs.obj   12      620       0      
       Timer.obj                      584     0         5      
       Simple-CyBot-echo.obj          212     0         0      
    +--+------------------------------+-------+---------+---------+
       Total:                         5468    643       145    
                                                               
    ../libcybotUART.lib
       uart.obj                       348     0         56     
    +--+------------------------------+-------+---------+---------+
       Total:                         348     0         56     
                                                               
    C:/ti/TivaWare_C_Series-2.2.0.295/driverlib/ccs/Debug/driverlib.lib
       interrupt.obj                  68      0         620    
       cpu.obj                        12      0         0      
    +--+------------------------------+-------+---------+---------+
       Total:                         80      0         620    
                                                               
    C:\ti\ccs1230\ccs\tools\compiler\ti-cgt-arm_20.2.7.LTS\lib\rtsv7M4_T_le_v4SPD16_eabi.lib
       _printfi.c.obj                 4851    0         0      
       memory.c.obj                   728     0         8      
       fd_add_t2.asm.obj              438     0         0      
       defs.c.obj                     0       0         416    
       trgmsg.c.obj                   108     0         288    
       fd_div_t2.asm.obj              310     0         0      
       fputs.c.obj                    276     0         0      
       s_scalbn.c.obj                 272     0         0      
       fd_cmp_t2.asm.obj              268     0         0      
       ctype.c.obj                    0       257       0      
       fd_mul_t2.asm.obj              252     0         0      
       setvbuf.c.obj                  220     0         0      
       host_device.c.obj              0       0         200    
       memcpy_t2.asm.obj              156     0         0      
       ull_div_t2.asm.obj             150     0         0      
       fputc.c.obj                    140     0         0      
       vsnprintf.c.obj                136     0         0      
       memset_t2.asm.obj              122     0         0      
       fclose.c.obj                   116     0         0      
       getdevice.c.obj                116     0         0      
       printf.c.obj                   112     0         0      
       fd_tos_t2.asm.obj              110     0         0      
       hostrename.c.obj               108     0         0      
       copy_decompress_lzss.c.obj     104     0         0      
       hostlseek.c.obj                104     0         0      
       hostopen.c.obj                 96      0         8      
       fseek.c.obj                    100     0         0      
       s_frexp.c.obj                  100     0         0      
       _io_perm.c.obj                 98      0         0      
       close.c.obj                    92      0         0      
       exit.c.obj                     76      0         12     
       hostread.c.obj                 88      0         0      
       hostwrite.c.obj                88      0         0      
       _ltoa.c.obj                    84      0         0      
       atoi.c.obj                     76      0         0      
       fflush.c.obj                   76      0         0      
       fd_toi_t2.asm.obj              72      0         0      
       autoinit.c.obj                 68      0         0      
       hostclose.c.obj                68      0         0      
       hostunlink.c.obj               68      0         0      
       fs_tod_t2.asm.obj              56      0         0      
       strncpy.c.obj                  54      0         0      
       boot_cortex_m.c.obj            52      0         0      
       fopen.c.obj                    52      0         0      
       i_tofd_t2.asm.obj              46      0         0      
       unlink.c.obj                   44      0         0      
       lseek.c.obj                    40      0         0      
       write.c.obj                    40      0         0      
       memchr.c.obj                   32      0         0      
       memccpy.c.obj                  28      0         0      
       s_copysign.c.obj               26      0         0      
       strcmp.c.obj                   24      0         0      
       strchr.c.obj                   22      0         0      
       strcpy.c.obj                   20      0         0      
       strlen.c.obj                   20      0         0      
       wcslen.c.obj                   18      0         0      
       copy_decompress_none.c.obj     14      0         0      
       copy_zero_init.c.obj           12      0         0      
       errno.c.obj                    8       0         4      
       _lock.c.obj                    2       0         8      
       pre_init.c.obj                 4       0         0      
       div0.asm.obj                   2       0         0      
    +--+------------------------------+-------+---------+---------+
       Total:                         11063   257       944    
                                                               
       Heap:                          0       0         4096   
       Stack:                         0       0         4096   
       Linker Generated:              0       166       0      
    +--+------------------------------+-------+---------+---------+
       Grand Total:                   16959   1066      9957   


LINKER GENERATED COPY TABLES

__TI_cinit_table @ 00004660 records: 3, size/record: 8, table size: 24
	.data: load addr=000045d0, load size=00000072 bytes, run addr=200024dc, run size=0000020d bytes, compression=lzss
	.bss: load addr=00004650, load size=00000008 bytes, run addr=20002270, run size=0000026c bytes, compression=zero_init
	.vtable: load addr=00004658, load size=00000008 bytes, run addr=20000000, run size=0000026c bytes, compression=zero_init


LINKER GENERATED HANDLER TABLE

__TI_handler_table @ 00004644 records: 3, size/record: 4, table size: 12
	index: 0, handler: __TI_zero_init
	index: 1, handler: __TI_decompress_lzss
	index: 2, handler: __TI_decompress_none


GLOBAL SYMBOLS: SORTED ALPHABETICALLY BY Name 

address   name                           
-------   ----                           
000044b5  C$$EXIT                        
00004087  C$$IO$$                        
00004475  CPUcpsie                       
00000bc3  GPIOF_Handler                  
00003ec9  HOSTclose                      
000038d5  HOSTlseek                      
00003b39  HOSTopen                       
00003bf5  HOSTread                       
00003869  HOSTrename                     
00003f0d  HOSTunlink                     
00003c4d  HOSTwrite                      
00004447  IntMasterEnable                
00004139  IntRegister                    
0000448d  ResetISR                       
20002270  __CIOBUF_                      
20001270  __STACK_END                    
00001000  __STACK_SIZE                   
20000470  __STACK_TOP                    
00001000  __SYSMEM_SIZE                  
00004660  __TI_CINIT_Base                
00004678  __TI_CINIT_Limit               
00004644  __TI_Handler_Table_Base        
00004650  __TI_Handler_Table_Limit       
00003f51  __TI_auto_init_nobinit_nopinit 
0000416d  __TI_cleanup                   
200026c4  __TI_cleanup_ptr               
000036a9  __TI_closefile                 
0000393d  __TI_decompress_lzss           
00004467  __TI_decompress_none           
00003da1  __TI_doflush                   
200026c8  __TI_dtors_ptr                 
200026cc  __TI_enable_exit_profile_output
200026b4  __TI_ft_end                    
00003cfb  __TI_ltoa                      
ffffffff  __TI_pprof_out_hndl            
00000e8d  __TI_printfi                   
ffffffff  __TI_prof_data_size            
ffffffff  __TI_prof_data_start           
000041a1  __TI_readmsg                   
00000000  __TI_static_base__             
20002390  __TI_tmpnams                   
00004059  __TI_writemsg                  
00003ad5  __TI_wrt_ok                    
00004481  __TI_zero_init                 
00003521  __aeabi_cdcmpeq                
00003521  __aeabi_cdcmple                
000035a7  __aeabi_cdrcmple               
000037fb  __aeabi_d2f                    
00003e81  __aeabi_d2iz                   
0000255b  __aeabi_dadd                   
000029a1  __aeabi_ddiv                   
00002f21  __aeabi_dmul                   
00002551  __aeabi_dsub                   
00004499  __aeabi_errno_addr             
000040c9  __aeabi_f2d                    
00004269  __aeabi_i2d                    
00002707  __aeabi_idiv0                  
00002707  __aeabi_ldiv0                  
0000362d  __aeabi_memclr                 
0000362d  __aeabi_memclr4                
0000362d  __aeabi_memclr8                
00003363  __aeabi_memcpy                 
00003363  __aeabi_memcpy4                
00003363  __aeabi_memcpy8                
0000362f  __aeabi_memset                 
0000362f  __aeabi_memset4                
0000362f  __aeabi_memset8                
200026c0  __aeabi_stderr                 
200026b8  __aeabi_stdin                  
200026bc  __aeabi_stdout                 
000033ff  __aeabi_uldivmod               
ffffffff  __binit__                      
ffffffff  __c_args__                     
UNDEFED   __mpu_init                     
20000270  __stack                        
20000000  __start___llvm_prf_cnts        
20000000  __stop___llvm_prf_cnts         
000041d5  _c_int00_noargs                
000044b8  _ctypes_                       
200025cc  _device                        
200024dc  _ftable                        
200026d0  _lock                          
000018db  _nop                           
200026e8  _running                       
20002644  _stream                        
20001270  _sys_memory                    
UNDEFED   _system_post_cinit             
000044b1  _system_pre_init               
200024d8  _timeout_ticks                 
200026d4  _unlock                        
000044b5  abort                          
00002e21  aligned_alloc                  
00003ded  atoi                           
ffffffff  binit                          
00004091  calloc                         
00003b99  close                          
00004395  copysign                       
00004395  copysignl                      
00002811  cyBot_UART1_Handler            
000027f7  cyBot_getByte                  
00002709  cyBot_sendByte                 
000027d9  cyBot_uart_flush               
00002747  cyBot_uart_init                
0000272f  cyBot_uart_sendBuffer          
00002715  cyBot_uart_sendStr             
200026e4  errno                          
00003e39  exit                           
00004239  finddevice                     
00003495  fputc                          
00002bfd  fputs                          
0000301d  free                           
00003a0d  frexp                          
00003a0d  frexpl                         
00003a71  fseek                          
20000000  g_pfnRAMVectors                
00000000  g_pfnVectors                   
00003f95  getdevice                      
0000097f  go_charge                      
20002484  isr_char_buffer                
200026e0  isr_counter                    
00004457  lcd_clear                      
00001ab1  lcd_gotoLine                   
00001919  lcd_init                       
00001b17  lcd_printf                     
000019d9  lcd_putc                       
00001a11  lcd_puts                       
000018dd  lcd_reverseNibble              
00001a2f  lcd_sendCommand                
00001a6d  lcd_sendNibble                 
00001ad9  lcd_setCursorPos               
00002d11  ldexp                          
00002d11  ldexpl                         
000042ed  lseek                          
000031dd  main                           
000044a1  malloc                         
00002e21  memalign                       
00004379  memccpy                        
0000433d  memchr                         
00003363  memcpy                         
00003635  memset                         
20002694  motor_cal_factor_L             
20002698  motor_cal_factor_R             
00001d41  move_backwards                 
00001c05  move_forward                   
0000026d  oi_alloc                       
00000aa9  oi_checkFirmware               
000002c7  oi_close                       
00000279  oi_free                        
00000ded  oi_getMotorCalibrationLeft     
00000e01  oi_getMotorCalibrationRight    
000002b1  oi_init                        
00000289  oi_init_noupdate               
00000915  oi_loadSong                    
000043c7  oi_parseInt                    
0000032b  oi_parsePacket                 
0000096b  oi_play_song                   
0000084b  oi_setLeds                     
00000db1  oi_setMotorCalibration         
0000088f  oi_setWheels                   
00000b51  oi_shutoff_init                
0000098d  oi_uartInit                    
00000a31  oi_uartReceive                 
00000a77  oi_uartSendBuff                
00000a15  oi_uartSendChar                
00000a59  oi_uartSendStr                 
000002d9  oi_update                      
200024d0  parmbuf                        
000039a5  printf                         
00003495  putc                           
00004299  remove                         
00002d11  scalbn                         
00002d11  scalbnl                        
00003101  setvbuf                        
000043f7  strchr                         
000043df  strcmp                         
0000440d  strcpy                         
00004421  strlen                         
00004101  strncpy                        
00002257  timer_getMicros                
000021ff  timer_getMillis                
00002139  timer_init                     
000021db  timer_pause                    
000021ed  timer_resume                   
000021b1  timer_stop                     
000022b1  timer_waitMicros               
000022e3  timer_waitMillis               
00001e2b  turn_left                      
00001dbd  turn_right                     
00004299  unlink                         
00003fd9  vsnprintf                      
00004435  wcslen                         
00004315  write                          


GLOBAL SYMBOLS: SORTED BY Symbol Address 

address   name                           
-------   ----                           
00000000  __TI_static_base__             
00000000  g_pfnVectors                   
0000026d  oi_alloc                       
00000279  oi_free                        
00000289  oi_init_noupdate               
000002b1  oi_init                        
000002c7  oi_close                       
000002d9  oi_update                      
0000032b  oi_parsePacket                 
0000084b  oi_setLeds                     
0000088f  oi_setWheels                   
00000915  oi_loadSong                    
0000096b  oi_play_song                   
0000097f  go_charge                      
0000098d  oi_uartInit                    
00000a15  oi_uartSendChar                
00000a31  oi_uartReceive                 
00000a59  oi_uartSendStr                 
00000a77  oi_uartSendBuff                
00000aa9  oi_checkFirmware               
00000b51  oi_shutoff_init                
00000bc3  GPIOF_Handler                  
00000db1  oi_setMotorCalibration         
00000ded  oi_getMotorCalibrationLeft     
00000e01  oi_getMotorCalibrationRight    
00000e8d  __TI_printfi                   
00001000  __STACK_SIZE                   
00001000  __SYSMEM_SIZE                  
000018db  _nop                           
000018dd  lcd_reverseNibble              
00001919  lcd_init                       
000019d9  lcd_putc                       
00001a11  lcd_puts                       
00001a2f  lcd_sendCommand                
00001a6d  lcd_sendNibble                 
00001ab1  lcd_gotoLine                   
00001ad9  lcd_setCursorPos               
00001b17  lcd_printf                     
00001c05  move_forward                   
00001d41  move_backwards                 
00001dbd  turn_right                     
00001e2b  turn_left                      
00002139  timer_init                     
000021b1  timer_stop                     
000021db  timer_pause                    
000021ed  timer_resume                   
000021ff  timer_getMillis                
00002257  timer_getMicros                
000022b1  timer_waitMicros               
000022e3  timer_waitMillis               
00002551  __aeabi_dsub                   
0000255b  __aeabi_dadd                   
00002707  __aeabi_idiv0                  
00002707  __aeabi_ldiv0                  
00002709  cyBot_sendByte                 
00002715  cyBot_uart_sendStr             
0000272f  cyBot_uart_sendBuffer          
00002747  cyBot_uart_init                
000027d9  cyBot_uart_flush               
000027f7  cyBot_getByte                  
00002811  cyBot_UART1_Handler            
000029a1  __aeabi_ddiv                   
00002bfd  fputs                          
00002d11  ldexp                          
00002d11  ldexpl                         
00002d11  scalbn                         
00002d11  scalbnl                        
00002e21  aligned_alloc                  
00002e21  memalign                       
00002f21  __aeabi_dmul                   
0000301d  free                           
00003101  setvbuf                        
000031dd  main                           
00003363  __aeabi_memcpy                 
00003363  __aeabi_memcpy4                
00003363  __aeabi_memcpy8                
00003363  memcpy                         
000033ff  __aeabi_uldivmod               
00003495  fputc                          
00003495  putc                           
00003521  __aeabi_cdcmpeq                
00003521  __aeabi_cdcmple                
000035a7  __aeabi_cdrcmple               
0000362d  __aeabi_memclr                 
0000362d  __aeabi_memclr4                
0000362d  __aeabi_memclr8                
0000362f  __aeabi_memset                 
0000362f  __aeabi_memset4                
0000362f  __aeabi_memset8                
00003635  memset                         
000036a9  __TI_closefile                 
000037fb  __aeabi_d2f                    
00003869  HOSTrename                     
000038d5  HOSTlseek                      
0000393d  __TI_decompress_lzss           
000039a5  printf                         
00003a0d  frexp                          
00003a0d  frexpl                         
00003a71  fseek                          
00003ad5  __TI_wrt_ok                    
00003b39  HOSTopen                       
00003b99  close                          
00003bf5  HOSTread                       
00003c4d  HOSTwrite                      
00003cfb  __TI_ltoa                      
00003da1  __TI_doflush                   
00003ded  atoi                           
00003e39  exit                           
00003e81  __aeabi_d2iz                   
00003ec9  HOSTclose                      
00003f0d  HOSTunlink                     
00003f51  __TI_auto_init_nobinit_nopinit 
00003f95  getdevice                      
00003fd9  vsnprintf                      
00004059  __TI_writemsg                  
00004087  C$$IO$$                        
00004091  calloc                         
000040c9  __aeabi_f2d                    
00004101  strncpy                        
00004139  IntRegister                    
0000416d  __TI_cleanup                   
000041a1  __TI_readmsg                   
000041d5  _c_int00_noargs                
00004239  finddevice                     
00004269  __aeabi_i2d                    
00004299  remove                         
00004299  unlink                         
000042ed  lseek                          
00004315  write                          
0000433d  memchr                         
00004379  memccpy                        
00004395  copysign                       
00004395  copysignl                      
000043c7  oi_parseInt                    
000043df  strcmp                         
000043f7  strchr                         
0000440d  strcpy                         
00004421  strlen                         
00004435  wcslen                         
00004447  IntMasterEnable                
00004457  lcd_clear                      
00004467  __TI_decompress_none           
00004475  CPUcpsie                       
00004481  __TI_zero_init                 
0000448d  ResetISR                       
00004499  __aeabi_errno_addr             
000044a1  malloc                         
000044b1  _system_pre_init               
000044b5  C$$EXIT                        
000044b5  abort                          
000044b8  _ctypes_                       
00004644  __TI_Handler_Table_Base        
00004650  __TI_Handler_Table_Limit       
00004660  __TI_CINIT_Base                
00004678  __TI_CINIT_Limit               
20000000  __start___llvm_prf_cnts        
20000000  __stop___llvm_prf_cnts         
20000000  g_pfnRAMVectors                
20000270  __stack                        
20000470  __STACK_TOP                    
20001270  __STACK_END                    
20001270  _sys_memory                    
20002270  __CIOBUF_                      
20002390  __TI_tmpnams                   
20002484  isr_char_buffer                
200024d0  parmbuf                        
200024d8  _timeout_ticks                 
200024dc  _ftable                        
200025cc  _device                        
20002644  _stream                        
20002694  motor_cal_factor_L             
20002698  motor_cal_factor_R             
200026b4  __TI_ft_end                    
200026b8  __aeabi_stdin                  
200026bc  __aeabi_stdout                 
200026c0  __aeabi_stderr                 
200026c4  __TI_cleanup_ptr               
200026c8  __TI_dtors_ptr                 
200026cc  __TI_enable_exit_profile_output
200026d0  _lock                          
200026d4  _unlock                        
200026e0  isr_counter                    
200026e4  errno                          
200026e8  _running                       
ffffffff  __TI_pprof_out_hndl            
ffffffff  __TI_prof_data_size            
ffffffff  __TI_prof_data_start           
ffffffff  __binit__                      
ffffffff  __c_args__                     
ffffffff  binit                          
UNDEFED   __mpu_init                     
UNDEFED   _system_post_cinit             

[192 symbols]
