******************************************************************************
                  TI ARM Linker PC v20.2.7                     
******************************************************************************
>> Linked Fri Apr  5 13:17:43 2024

OUTPUT FILE NAME:   <Lab2.out>
ENTRY POINT SYMBOL: "_c_int00_noargs"  address: 00003c3d


MEMORY CONFIGURATION

         name            origin    length      used     unused   attr    fill
----------------------  --------  ---------  --------  --------  ----  --------
  FLASH                 00000000   00040000  000040b0  0003bf50  R  X
  SRAM                  20000000   00008000  00002659  000059a7  RW X


SEGMENT ALLOCATION MAP

run origin  load origin   length   init length attrs members
----------  ----------- ---------- ----------- ----- -------
00000000    00000000    000040b0   000040b0    r-x
  00000000    00000000    0000026c   0000026c    r-- .intvecs
  0000026c    0000026c    00003c8c   00003c8c    r-x .text
  00003ef8    00003ef8    00000110   00000110    r-- .const
  00004008    00004008    000000a8   000000a8    r-- .cinit
20000000    20000000    00002660   00000000    rw-
  20000000    20000000    0000026c   00000000    rw- .vtable
  20000270    20000270    00001000   00000000    rw- .stack
  20001270    20001270    00001000   00000000    rw- .sysmem
  20002270    20002270    00000209   00000000    rw- .data
  2000247c    2000247c    000001e4   00000000    rw- .bss


SECTION ALLOCATION MAP

 output                                  attributes/
section   page    origin      length       input sections
--------  ----  ----------  ----------   ----------------
.intvecs   0    00000000    0000026c     
                  00000000    0000026c     tm4c123gh6pm_startup_ccs.obj (.intvecs)

.text      0    0000026c    00003c8c     
                  0000026c    00000c20     open_interface.obj (.text)
                  00000e8c    00000a4e     rtsv7M4_T_le_v4SPD16_eabi.lib : _printfi.c.obj (.text:__TI_printfi)
                  000018da    00000002                                   : _lock.c.obj (.text:_nop)
                  000018dc    000002c4     movement.obj (.text)
                  00001ba0    00000270     rtsv7M4_T_le_v4SPD16_eabi.lib : _printfi.c.obj (.text:_pconv_a)
                  00001e10    00000248     Timer.obj (.text)
                  00002058    000001d0     rtsv7M4_T_le_v4SPD16_eabi.lib : _printfi.c.obj (.text:_pconv_g)
                  00002228    000001b6                                   : fd_add_t2.asm.obj (.text)
                  000023de    00000002                                   : div0.asm.obj (.text)
                  000023e0    0000013c                                   : _printfi.c.obj (.text:_pconv_e)
                  0000251c    00000136                                   : fd_div_t2.asm.obj (.text)
                  00002652    00000002     --HOLE-- [fill = 0]
                  00002654    00000124                                   : _printfi.c.obj (.text:fcvt)
                  00002778    00000114                                   : fputs.c.obj (.text:fputs)
                  0000288c    00000110                                   : s_scalbn.c.obj (.text:scalbn)
                  0000299c    00000100                                   : memory.c.obj (.text:aligned_alloc)
                  00002a9c    000000fc                                   : fd_mul_t2.asm.obj (.text)
                  00002b98    000000e4                                   : memory.c.obj (.text:free)
                  00002c7c    000000dc                                   : setvbuf.c.obj (.text:setvbuf)
                  00002d58    000000b1                                   : _printfi.c.obj (.text:_ltostr)
                  00002e09    00000001     --HOLE-- [fill = 0]
                  00002e0a    0000009c                                   : memcpy_t2.asm.obj (.text)
                  00002ea6    00000096                                   : ull_div_t2.asm.obj (.text)
                  00002f3c    0000008c                                   : fputc.c.obj (.text:fputc)
                  00002fc8    00000086                                   : fd_cmp_t2.asm.obj (.text:__aeabi_cdcmple)
                  0000304e    00000086                                   : fd_cmp_t2.asm.obj (.text:__aeabi_cdrcmple)
                  000030d4    0000007a                                   : memset_t2.asm.obj (.text)
                  0000314e    00000002     --HOLE-- [fill = 0]
                  00003150    00000074                                   : fclose.c.obj (.text:__TI_closefile)
                  000031c4    00000070                                   : memory.c.obj (.text:split)
                  00003234    0000006e                                   : _printfi.c.obj (.text:_mcpy)
                  000032a2    0000006e                                   : fd_tos_t2.asm.obj (.text)
                  00003310    0000006c                                   : hostrename.c.obj (.text:HOSTrename)
                  0000337c    00000068                                   : hostlseek.c.obj (.text:HOSTlseek)
                  000033e4    00000068                                   : copy_decompress_lzss.c.obj (.text:decompress:lzss:__TI_decompress_lzss)
                  0000344c    00000068                                   : printf.c.obj (.text:printf)
                  000034b4    00000064                                   : s_frexp.c.obj (.text:frexp)
                  00003518    00000064                                   : fseek.c.obj (.text:fseek)
                  0000357c    00000062                                   : _io_perm.c.obj (.text:__TI_wrt_ok)
                  000035de    00000002     --HOLE-- [fill = 0]
                  000035e0    00000060                                   : hostopen.c.obj (.text:HOSTopen)
                  00003640    0000005c                                   : close.c.obj (.text:close)
                  0000369c    00000058                                   : hostread.c.obj (.text:HOSTread)
                  000036f4    00000058                                   : hostwrite.c.obj (.text:HOSTwrite)
                  0000374c    00000056                                   : _printfi.c.obj (.text:_pconv_f)
                  000037a2    00000054                                   : _ltoa.c.obj (.text:__TI_ltoa)
                  000037f6    00000052                                   : _printfi.c.obj (.text:_ecpy)
                  00003848    0000004c                                   : fflush.c.obj (.text:__TI_doflush)
                  00003894    0000004c                                   : atoi.c.obj (.text:atoi)
                  000038e0    00000048                                   : exit.c.obj (.text:exit)
                  00003928    00000048                                   : fd_toi_t2.asm.obj (.text)
                  00003970    00000044                                   : hostclose.c.obj (.text:HOSTclose)
                  000039b4    00000044                                   : hostunlink.c.obj (.text:HOSTunlink)
                  000039f8    00000044                                   : autoinit.c.obj (.text:__TI_auto_init_nobinit_nopinit:__TI_auto_init_nobinit_nopinit)
                  00003a3c    00000044                                   : getdevice.c.obj (.text:getdevice)
                  00003a80    0000003e                                   : _printfi.c.obj (.text:_fcpy)
                  00003abe    00000002     --HOLE-- [fill = 0]
                  00003ac0    00000038                                   : trgmsg.c.obj (.text:__TI_writemsg)
                  00003af8    00000038                                   : memory.c.obj (.text:calloc)
                  00003b30    00000038                                   : fs_tod_t2.asm.obj (.text)
                  00003b68    00000036                                   : strncpy.c.obj (.text:strncpy)
                  00003b9e    00000002     --HOLE-- [fill = 0]
                  00003ba0    00000034     driverlib.lib : interrupt.obj (.text:IntRegister)
                  00003bd4    00000034     rtsv7M4_T_le_v4SPD16_eabi.lib : fopen.c.obj (.text:__TI_cleanup)
                  00003c08    00000034                                   : trgmsg.c.obj (.text:__TI_readmsg)
                  00003c3c    00000034                                   : boot_cortex_m.c.obj (.text:_c_int00_noargs:_c_int00_noargs)
                  00003c70    00000030     banner.obj (.text)
                  00003ca0    00000030     rtsv7M4_T_le_v4SPD16_eabi.lib : getdevice.c.obj (.text:finddevice)
                  00003cd0    0000002e                                   : i_tofd_t2.asm.obj (.text)
                  00003cfe    00000002     --HOLE-- [fill = 0]
                  00003d00    0000002c                                   : unlink.c.obj (.text:unlink)
                  00003d2c    00000028                                   : memory.c.obj (.text:free_list_insert)
                  00003d54    00000028                                   : lseek.c.obj (.text:lseek)
                  00003d7c    00000028                                   : write.c.obj (.text:write)
                  00003da4    00000020                                   : memchr.c.obj (.text:memchr)
                  00003dc4    0000001c                                   : memory.c.obj (.text:free_list_remove)
                  00003de0    0000001c                                   : memccpy.c.obj (.text:memccpy)
                  00003dfc    0000001a                                   : s_copysign.c.obj (.text:copysign)
                  00003e16    00000018     open_interface.obj (.text:oi_parseInt)
                  00003e2e    00000018     rtsv7M4_T_le_v4SPD16_eabi.lib : strcmp.c.obj (.text:strcmp)
                  00003e46    00000016                                   : strchr.c.obj (.text:strchr)
                  00003e5c    00000014                                   : strcpy.c.obj (.text:strcpy)
                  00003e70    00000014                                   : strlen.c.obj (.text:strlen)
                  00003e84    00000012                                   : wcslen.c.obj (.text:wcslen)
                  00003e96    00000010     driverlib.lib : interrupt.obj (.text:IntMasterEnable)
                  00003ea6    0000000e     rtsv7M4_T_le_v4SPD16_eabi.lib : copy_decompress_none.c.obj (.text:decompress:none:__TI_decompress_none)
                  00003eb4    0000000c     driverlib.lib : cpu.obj (.text:CPUcpsie)
                  00003ec0    0000000c     rtsv7M4_T_le_v4SPD16_eabi.lib : copy_zero_init.c.obj (.text:decompress:ZI:__TI_zero_init)
                  00003ecc    0000000c     tm4c123gh6pm_startup_ccs.obj (.text)
                  00003ed8    00000008     rtsv7M4_T_le_v4SPD16_eabi.lib : errno.c.obj (.text:__aeabi_errno_addr)
                  00003ee0    00000008                                   : memory.c.obj (.text:malloc)
                  00003ee8    00000004                                   : printf.c.obj (.text:_outc)
                  00003eec    00000004                                   : printf.c.obj (.text:_outs)
                  00003ef0    00000004                                   : pre_init.c.obj (.text:_system_pre_init)
                  00003ef4    00000004                                   : exit.c.obj (.text:abort:abort)

.const     0    00003ef8    00000110     
                  00003ef8    00000101     rtsv7M4_T_le_v4SPD16_eabi.lib : ctype.c.obj (.const:.string:_ctypes_)
                  00003ff9    0000000f     open_interface.obj (.const:.string:$P$T0$3)

.cinit     0    00004008    000000a8     
                  00004008    00000072     (.cinit..data.load) [load image, compression = lzss]
                  0000407a    00000002     --HOLE-- [fill = 0]
                  0000407c    0000000c     (__TI_handler_table)
                  00004088    00000008     (.cinit..bss.load) [load image, compression = zero_init]
                  00004090    00000008     (.cinit..vtable.load) [load image, compression = zero_init]
                  00004098    00000018     (__TI_cinit_table)

.init_array 
*          0    00000000    00000000     UNINITIALIZED

.vtable    0    20000000    0000026c     UNINITIALIZED
                  20000000    0000026c     driverlib.lib : interrupt.obj (.vtable)

.stack     0    20000270    00001000     UNINITIALIZED
                  20000270    00000004     rtsv7M4_T_le_v4SPD16_eabi.lib : boot_cortex_m.c.obj (.stack)
                  20000274    00000ffc     --HOLE--

.sysmem    0    20001270    00001000     UNINITIALIZED
                  20001270    00000010     rtsv7M4_T_le_v4SPD16_eabi.lib : memory.c.obj (.sysmem)
                  20001280    00000ff0     --HOLE--

.data      0    20002270    00000209     UNINITIALIZED
                  20002270    000000f0     rtsv7M4_T_le_v4SPD16_eabi.lib : defs.c.obj (.data:_ftable)
                  20002360    00000078                                   : host_device.c.obj (.data:_device)
                  200023d8    00000050                                   : host_device.c.obj (.data:_stream)
                  20002428    00000020     open_interface.obj (.data)
                  20002448    00000010     rtsv7M4_T_le_v4SPD16_eabi.lib : defs.c.obj (.data)
                  20002458    0000000c                                   : exit.c.obj (.data:$O1$$)
                  20002464    00000008                                   : _lock.c.obj (.data:$O1$$)
                  2000246c    00000008                                   : memory.c.obj (.data:$O1$$)
                  20002474    00000004                                   : errno.c.obj (.data)
                  20002478    00000001     Timer.obj (.data)

.bss       0    2000247c    000001e4     UNINITIALIZED
                  2000247c    00000120     rtsv7M4_T_le_v4SPD16_eabi.lib : trgmsg.c.obj (.bss:_CIOBUF_)
                  2000259c    000000a0     (.common:__TI_tmpnams)
                  2000263c    00000018     open_interface.obj (.bss:firmware$2)
                  20002654    00000008     (.common:parmbuf)
                  2000265c    00000004     (.common:_timeout_ticks)

__llvm_prf_cnts 
*          0    20000000    00000000     UNINITIALIZED

MODULE SUMMARY

       Module                         code    ro data   rw data
       ------                         ----    -------   -------
    .\
       open_interface.obj             3128    15        56     
       movement.obj                   708     0         0      
       tm4c123gh6pm_startup_ccs.obj   12      620       0      
       Timer.obj                      584     0         5      
       banner.obj                     48      0         0      
    +--+------------------------------+-------+---------+---------+
       Total:                         4480    635       61     
                                                               
    C:/ti/TivaWare_C_Series-2.2.0.295/driverlib/ccs/Debug/driverlib.lib
       interrupt.obj                  68      0         620    
       cpu.obj                        12      0         0      
    +--+------------------------------+-------+---------+---------+
       Total:                         80      0         620    
                                                               
    C:\ti\ccs1230\ccs\tools\compiler\ti-cgt-arm_20.2.7.LTS\lib\rtsv7M4_T_le_v4SPD16_eabi.lib
       _printfi.c.obj                 4851    0         0      
       memory.c.obj                   728     0         8      
       fd_add_t2.asm.obj              438     0         0      
       defs.c.obj                     0       0         416    
       trgmsg.c.obj                   108     0         288    
       fd_div_t2.asm.obj              310     0         0      
       fputs.c.obj                    276     0         0      
       s_scalbn.c.obj                 272     0         0      
       fd_cmp_t2.asm.obj              268     0         0      
       ctype.c.obj                    0       257       0      
       fd_mul_t2.asm.obj              252     0         0      
       setvbuf.c.obj                  220     0         0      
       host_device.c.obj              0       0         200    
       memcpy_t2.asm.obj              156     0         0      
       ull_div_t2.asm.obj             150     0         0      
       fputc.c.obj                    140     0         0      
       memset_t2.asm.obj              122     0         0      
       fclose.c.obj                   116     0         0      
       getdevice.c.obj                116     0         0      
       printf.c.obj                   112     0         0      
       fd_tos_t2.asm.obj              110     0         0      
       hostrename.c.obj               108     0         0      
       copy_decompress_lzss.c.obj     104     0         0      
       hostlseek.c.obj                104     0         0      
       hostopen.c.obj                 96      0         8      
       fseek.c.obj                    100     0         0      
       s_frexp.c.obj                  100     0         0      
       _io_perm.c.obj                 98      0         0      
       close.c.obj                    92      0         0      
       exit.c.obj                     76      0         12     
       hostread.c.obj                 88      0         0      
       hostwrite.c.obj                88      0         0      
       _ltoa.c.obj                    84      0         0      
       atoi.c.obj                     76      0         0      
       fflush.c.obj                   76      0         0      
       fd_toi_t2.asm.obj              72      0         0      
       autoinit.c.obj                 68      0         0      
       hostclose.c.obj                68      0         0      
       hostunlink.c.obj               68      0         0      
       fs_tod_t2.asm.obj              56      0         0      
       strncpy.c.obj                  54      0         0      
       boot_cortex_m.c.obj            52      0         0      
       fopen.c.obj                    52      0         0      
       i_tofd_t2.asm.obj              46      0         0      
       unlink.c.obj                   44      0         0      
       lseek.c.obj                    40      0         0      
       write.c.obj                    40      0         0      
       memchr.c.obj                   32      0         0      
       memccpy.c.obj                  28      0         0      
       s_copysign.c.obj               26      0         0      
       strcmp.c.obj                   24      0         0      
       strchr.c.obj                   22      0         0      
       strcpy.c.obj                   20      0         0      
       strlen.c.obj                   20      0         0      
       wcslen.c.obj                   18      0         0      
       copy_decompress_none.c.obj     14      0         0      
       copy_zero_init.c.obj           12      0         0      
       errno.c.obj                    8       0         4      
       _lock.c.obj                    2       0         8      
       pre_init.c.obj                 4       0         0      
       div0.asm.obj                   2       0         0      
    +--+------------------------------+-------+---------+---------+
       Total:                         10927   257       944    
                                                               
       Heap:                          0       0         4096   
       Stack:                         0       0         4096   
       Linker Generated:              0       166       0      
    +--+------------------------------+-------+---------+---------+
       Grand Total:                   15487   1058      9817   


LINKER GENERATED COPY TABLES

__TI_cinit_table @ 00004098 records: 3, size/record: 8, table size: 24
	.data: load addr=00004008, load size=00000072 bytes, run addr=20002270, run size=00000209 bytes, compression=lzss
	.bss: load addr=00004088, load size=00000008 bytes, run addr=2000247c, run size=000001e4 bytes, compression=zero_init
	.vtable: load addr=00004090, load size=00000008 bytes, run addr=20000000, run size=0000026c bytes, compression=zero_init


LINKER GENERATED HANDLER TABLE

__TI_handler_table @ 0000407c records: 3, size/record: 4, table size: 12
	index: 0, handler: __TI_zero_init
	index: 1, handler: __TI_decompress_lzss
	index: 2, handler: __TI_decompress_none


GLOBAL SYMBOLS: SORTED ALPHABETICALLY BY Name 

address   name                           
-------   ----                           
00003ef5  C$$EXIT                        
00003aef  C$$IO$$                        
00003eb5  CPUcpsie                       
00000bc3  GPIOF_Handler                  
00003971  HOSTclose                      
0000337d  HOSTlseek                      
000035e1  HOSTopen                       
0000369d  HOSTread                       
00003311  HOSTrename                     
000039b5  HOSTunlink                     
000036f5  HOSTwrite                      
00003e97  IntMasterEnable                
00003ba1  IntRegister                    
00003ecd  ResetISR                       
2000247c  __CIOBUF_                      
20001270  __STACK_END                    
00001000  __STACK_SIZE                   
20000470  __STACK_TOP                    
00001000  __SYSMEM_SIZE                  
00004098  __TI_CINIT_Base                
000040b0  __TI_CINIT_Limit               
0000407c  __TI_Handler_Table_Base        
00004088  __TI_Handler_Table_Limit       
000039f9  __TI_auto_init_nobinit_nopinit 
00003bd5  __TI_cleanup                   
20002458  __TI_cleanup_ptr               
00003151  __TI_closefile                 
000033e5  __TI_decompress_lzss           
00003ea7  __TI_decompress_none           
00003849  __TI_doflush                   
2000245c  __TI_dtors_ptr                 
20002460  __TI_enable_exit_profile_output
20002448  __TI_ft_end                    
000037a3  __TI_ltoa                      
ffffffff  __TI_pprof_out_hndl            
00000e8d  __TI_printfi                   
ffffffff  __TI_prof_data_size            
ffffffff  __TI_prof_data_start           
00003c09  __TI_readmsg                   
00000000  __TI_static_base__             
2000259c  __TI_tmpnams                   
00003ac1  __TI_writemsg                  
0000357d  __TI_wrt_ok                    
00003ec1  __TI_zero_init                 
00002fc9  __aeabi_cdcmpeq                
00002fc9  __aeabi_cdcmple                
0000304f  __aeabi_cdrcmple               
000032a3  __aeabi_d2f                    
00003929  __aeabi_d2iz                   
00002233  __aeabi_dadd                   
0000251d  __aeabi_ddiv                   
00002a9d  __aeabi_dmul                   
00002229  __aeabi_dsub                   
00003ed9  __aeabi_errno_addr             
00003b31  __aeabi_f2d                    
00003cd1  __aeabi_i2d                    
000023df  __aeabi_idiv0                  
000023df  __aeabi_ldiv0                  
000030d5  __aeabi_memclr                 
000030d5  __aeabi_memclr4                
000030d5  __aeabi_memclr8                
00002e0b  __aeabi_memcpy                 
00002e0b  __aeabi_memcpy4                
00002e0b  __aeabi_memcpy8                
000030d7  __aeabi_memset                 
000030d7  __aeabi_memset4                
000030d7  __aeabi_memset8                
20002454  __aeabi_stderr                 
2000244c  __aeabi_stdin                  
20002450  __aeabi_stdout                 
00002ea7  __aeabi_uldivmod               
ffffffff  __binit__                      
ffffffff  __c_args__                     
UNDEFED   __mpu_init                     
20000270  __stack                        
20000000  __start___llvm_prf_cnts        
20000000  __stop___llvm_prf_cnts         
00003c3d  _c_int00_noargs                
00003ef8  _ctypes_                       
20002360  _device                        
20002270  _ftable                        
20002464  _lock                          
000018db  _nop                           
20002478  _running                       
200023d8  _stream                        
20001270  _sys_memory                    
UNDEFED   _system_post_cinit             
00003ef1  _system_pre_init               
2000265c  _timeout_ticks                 
20002468  _unlock                        
00003ef5  abort                          
0000299d  aligned_alloc                  
00003895  atoi                           
ffffffff  binit                          
00003af9  calloc                         
00003641  close                          
00003dfd  copysign                       
00003dfd  copysignl                      
20002474  errno                          
000038e1  exit                           
00003ca1  finddevice                     
00002f3d  fputc                          
00002779  fputs                          
00002b99  free                           
000034b5  frexp                          
000034b5  frexpl                         
00003519  fseek                          
20000000  g_pfnRAMVectors                
00000000  g_pfnVectors                   
00003a3d  getdevice                      
0000097f  go_charge                      
0000288d  ldexp                          
0000288d  ldexpl                         
00003d55  lseek                          
00003c71  main                           
00003ee1  malloc                         
0000299d  memalign                       
00003de1  memccpy                        
00003da5  memchr                         
00002e0b  memcpy                         
000030dd  memset                         
20002428  motor_cal_factor_L             
2000242c  motor_cal_factor_R             
00001a19  move_backwards                 
000018dd  move_forward                   
0000026d  oi_alloc                       
00000aa9  oi_checkFirmware               
000002c7  oi_close                       
00000279  oi_free                        
00000ded  oi_getMotorCalibrationLeft     
00000e01  oi_getMotorCalibrationRight    
000002b1  oi_init                        
00000289  oi_init_noupdate               
00000915  oi_loadSong                    
00003e17  oi_parseInt                    
0000032b  oi_parsePacket                 
0000096b  oi_play_song                   
0000084b  oi_setLeds                     
00000db1  oi_setMotorCalibration         
0000088f  oi_setWheels                   
00000b51  oi_shutoff_init                
0000098d  oi_uartInit                    
00000a31  oi_uartReceive                 
00000a77  oi_uartSendBuff                
00000a15  oi_uartSendChar                
00000a59  oi_uartSendStr                 
000002d9  oi_update                      
20002654  parmbuf                        
0000344d  printf                         
00002f3d  putc                           
00003d01  remove                         
0000288d  scalbn                         
0000288d  scalbnl                        
00002c7d  setvbuf                        
00003e47  strchr                         
00003e2f  strcmp                         
00003e5d  strcpy                         
00003e71  strlen                         
00003b69  strncpy                        
00001f2f  timer_getMicros                
00001ed7  timer_getMillis                
00001e11  timer_init                     
00001eb3  timer_pause                    
00001ec5  timer_resume                   
00001e89  timer_stop                     
00001f89  timer_waitMicros               
00001fbb  timer_waitMillis               
00001b03  turn_left                      
00001a95  turn_right                     
00003d01  unlink                         
00003e85  wcslen                         
00003d7d  write                          


GLOBAL SYMBOLS: SORTED BY Symbol Address 

address   name                           
-------   ----                           
00000000  __TI_static_base__             
00000000  g_pfnVectors                   
0000026d  oi_alloc                       
00000279  oi_free                        
00000289  oi_init_noupdate               
000002b1  oi_init                        
000002c7  oi_close                       
000002d9  oi_update                      
0000032b  oi_parsePacket                 
0000084b  oi_setLeds                     
0000088f  oi_setWheels                   
00000915  oi_loadSong                    
0000096b  oi_play_song                   
0000097f  go_charge                      
0000098d  oi_uartInit                    
00000a15  oi_uartSendChar                
00000a31  oi_uartReceive                 
00000a59  oi_uartSendStr                 
00000a77  oi_uartSendBuff                
00000aa9  oi_checkFirmware               
00000b51  oi_shutoff_init                
00000bc3  GPIOF_Handler                  
00000db1  oi_setMotorCalibration         
00000ded  oi_getMotorCalibrationLeft     
00000e01  oi_getMotorCalibrationRight    
00000e8d  __TI_printfi                   
00001000  __STACK_SIZE                   
00001000  __SYSMEM_SIZE                  
000018db  _nop                           
000018dd  move_forward                   
00001a19  move_backwards                 
00001a95  turn_right                     
00001b03  turn_left                      
00001e11  timer_init                     
00001e89  timer_stop                     
00001eb3  timer_pause                    
00001ec5  timer_resume                   
00001ed7  timer_getMillis                
00001f2f  timer_getMicros                
00001f89  timer_waitMicros               
00001fbb  timer_waitMillis               
00002229  __aeabi_dsub                   
00002233  __aeabi_dadd                   
000023df  __aeabi_idiv0                  
000023df  __aeabi_ldiv0                  
0000251d  __aeabi_ddiv                   
00002779  fputs                          
0000288d  ldexp                          
0000288d  ldexpl                         
0000288d  scalbn                         
0000288d  scalbnl                        
0000299d  aligned_alloc                  
0000299d  memalign                       
00002a9d  __aeabi_dmul                   
00002b99  free                           
00002c7d  setvbuf                        
00002e0b  __aeabi_memcpy                 
00002e0b  __aeabi_memcpy4                
00002e0b  __aeabi_memcpy8                
00002e0b  memcpy                         
00002ea7  __aeabi_uldivmod               
00002f3d  fputc                          
00002f3d  putc                           
00002fc9  __aeabi_cdcmpeq                
00002fc9  __aeabi_cdcmple                
0000304f  __aeabi_cdrcmple               
000030d5  __aeabi_memclr                 
000030d5  __aeabi_memclr4                
000030d5  __aeabi_memclr8                
000030d7  __aeabi_memset                 
000030d7  __aeabi_memset4                
000030d7  __aeabi_memset8                
000030dd  memset                         
00003151  __TI_closefile                 
000032a3  __aeabi_d2f                    
00003311  HOSTrename                     
0000337d  HOSTlseek                      
000033e5  __TI_decompress_lzss           
0000344d  printf                         
000034b5  frexp                          
000034b5  frexpl                         
00003519  fseek                          
0000357d  __TI_wrt_ok                    
000035e1  HOSTopen                       
00003641  close                          
0000369d  HOSTread                       
000036f5  HOSTwrite                      
000037a3  __TI_ltoa                      
00003849  __TI_doflush                   
00003895  atoi                           
000038e1  exit                           
00003929  __aeabi_d2iz                   
00003971  HOSTclose                      
000039b5  HOSTunlink                     
000039f9  __TI_auto_init_nobinit_nopinit 
00003a3d  getdevice                      
00003ac1  __TI_writemsg                  
00003aef  C$$IO$$                        
00003af9  calloc                         
00003b31  __aeabi_f2d                    
00003b69  strncpy                        
00003ba1  IntRegister                    
00003bd5  __TI_cleanup                   
00003c09  __TI_readmsg                   
00003c3d  _c_int00_noargs                
00003c71  main                           
00003ca1  finddevice                     
00003cd1  __aeabi_i2d                    
00003d01  remove                         
00003d01  unlink                         
00003d55  lseek                          
00003d7d  write                          
00003da5  memchr                         
00003de1  memccpy                        
00003dfd  copysign                       
00003dfd  copysignl                      
00003e17  oi_parseInt                    
00003e2f  strcmp                         
00003e47  strchr                         
00003e5d  strcpy                         
00003e71  strlen                         
00003e85  wcslen                         
00003e97  IntMasterEnable                
00003ea7  __TI_decompress_none           
00003eb5  CPUcpsie                       
00003ec1  __TI_zero_init                 
00003ecd  ResetISR                       
00003ed9  __aeabi_errno_addr             
00003ee1  malloc                         
00003ef1  _system_pre_init               
00003ef5  C$$EXIT                        
00003ef5  abort                          
00003ef8  _ctypes_                       
0000407c  __TI_Handler_Table_Base        
00004088  __TI_Handler_Table_Limit       
00004098  __TI_CINIT_Base                
000040b0  __TI_CINIT_Limit               
20000000  __start___llvm_prf_cnts        
20000000  __stop___llvm_prf_cnts         
20000000  g_pfnRAMVectors                
20000270  __stack                        
20000470  __STACK_TOP                    
20001270  __STACK_END                    
20001270  _sys_memory                    
20002270  _ftable                        
20002360  _device                        
200023d8  _stream                        
20002428  motor_cal_factor_L             
2000242c  motor_cal_factor_R             
20002448  __TI_ft_end                    
2000244c  __aeabi_stdin                  
20002450  __aeabi_stdout                 
20002454  __aeabi_stderr                 
20002458  __TI_cleanup_ptr               
2000245c  __TI_dtors_ptr                 
20002460  __TI_enable_exit_profile_output
20002464  _lock                          
20002468  _unlock                        
20002474  errno                          
20002478  _running                       
2000247c  __CIOBUF_                      
2000259c  __TI_tmpnams                   
20002654  parmbuf                        
2000265c  _timeout_ticks                 
ffffffff  __TI_pprof_out_hndl            
ffffffff  __TI_prof_data_size            
ffffffff  __TI_prof_data_start           
ffffffff  __binit__                      
ffffffff  __c_args__                     
ffffffff  binit                          
UNDEFED   __mpu_init                     
UNDEFED   _system_post_cinit             

[172 symbols]
