******************************************************************************
                  TI ARM Linker PC v20.2.7                     
******************************************************************************
>> Linked Fri Feb 16 12:49:05 2024

OUTPUT FILE NAME:   <Lab4.out>
ENTRY POINT SYMBOL: "_c_int00_noargs"  address: 000023b1


MEMORY CONFIGURATION

         name            origin    length      used     unused   attr    fill
----------------------  --------  ---------  --------  --------  ----  --------
  RAM                   00000020   ffffffe0  00003957  ffffc689  RWIX


SEGMENT ALLOCATION MAP

run origin  load origin   length   init length attrs members
----------  ----------- ---------- ----------- ----- -------
00000020    00000020    0000264d   0000264d    r-x
  00000020    00000020    00002544   00002544    r-x .text
  00002564    00002564    00000109   00000109    r-- .const
00002670    00002670    00001060   00000000    rw-
  00002670    00002670    00000058   00000000    rw- .bss
  000026c8    000026c8    00000006   00000000    rw- .data
  000026d0    000026d0    00001000   00000000    rw- .stack
000036d0    000036d0    00000040   00000040    r--
  000036d0    000036d0    00000040   00000040    r-- .cinit
00003800    00003800    0000026c   00000000    rw-
  00003800    00003800    0000026c   00000000    rw- .vtable


SECTION ALLOCATION MAP

 output                                  attributes/
section   page    origin      length       input sections
--------  ----  ----------  ----------   ----------------
.text      0    00000020    00002544     
                  00000020    00000a4e     rtsv7M4_T_le_v4SPD16_eabi.lib : _printfi.c.obj (.text:__TI_printfi)
                  00000a6e    00000002                                   : div0.asm.obj (.text)
                  00000a70    00000328     lcd.obj (.text)
                  00000d98    00000270     rtsv7M4_T_le_v4SPD16_eabi.lib : _printfi.c.obj (.text:_pconv_a)
                  00001008    00000248     Timer.obj (.text)
                  00001250    000001d0     rtsv7M4_T_le_v4SPD16_eabi.lib : _printfi.c.obj (.text:_pconv_g)
                  00001420    000001b6                                   : fd_add_t2.asm.obj (.text)
                  000015d6    00000002     --HOLE-- [fill = 0]
                  000015d8    0000013c                                   : _printfi.c.obj (.text:_pconv_e)
                  00001714    00000136                                   : fd_div_t2.asm.obj (.text)
                  0000184a    00000002     --HOLE-- [fill = 0]
                  0000184c    00000124                                   : _printfi.c.obj (.text:fcvt)
                  00001970    00000110                                   : s_scalbn.c.obj (.text:scalbn)
                  00001a80    000000fc                                   : fd_mul_t2.asm.obj (.text)
                  00001b7c    000000b1                                   : _printfi.c.obj (.text:_ltostr)
                  00001c2d    00000001     --HOLE-- [fill = 0]
                  00001c2e    0000009c                                   : memcpy_t2.asm.obj (.text)
                  00001cca    00000096                                   : ull_div_t2.asm.obj (.text)
                  00001d60    00000090     button.obj (.text)
                  00001df0    00000086     rtsv7M4_T_le_v4SPD16_eabi.lib : fd_cmp_t2.asm.obj (.text:__aeabi_cdcmple)
                  00001e76    00000086                                   : fd_cmp_t2.asm.obj (.text:__aeabi_cdrcmple)
                  00001efc    0000007a                                   : memset_t2.asm.obj (.text)
                  00001f76    0000006e                                   : _printfi.c.obj (.text:_mcpy)
                  00001fe4    00000068                                   : copy_decompress_lzss.c.obj (.text:decompress:lzss:__TI_decompress_lzss)
                  0000204c    00000064                                   : s_frexp.c.obj (.text:frexp)
                  000020b0    00000056                                   : _printfi.c.obj (.text:_pconv_f)
                  00002106    00000054                                   : _ltoa.c.obj (.text:__TI_ltoa)
                  0000215a    00000052                                   : _printfi.c.obj (.text:_ecpy)
                  000021ac    0000004c                                   : atoi.c.obj (.text:atoi)
                  000021f8    00000048                                   : fd_toi_t2.asm.obj (.text)
                  00002240    00000044                                   : autoinit.c.obj (.text:__TI_auto_init_nobinit_nopinit:__TI_auto_init_nobinit_nopinit)
                  00002284    00000040                                   : sprintf.c.obj (.text:sprintf)
                  000022c4    00000040                                   : vsnprintf.c.obj (.text:vsnprintf)
                  00002304    0000003e                                   : _printfi.c.obj (.text:_fcpy)
                  00002342    00000002     --HOLE-- [fill = 0]
                  00002344    00000038     lab4_template.obj (.text)
                  0000237c    00000034     driverlib.lib : interrupt.obj (.text:IntRegister)
                  000023b0    00000034     rtsv7M4_T_le_v4SPD16_eabi.lib : boot_cortex_m.c.obj (.text:_c_int00_noargs:_c_int00_noargs)
                  000023e4    00000030                                   : vsnprintf.c.obj (.text:_outs)
                  00002414    0000002e                                   : i_tofd_t2.asm.obj (.text)
                  00002442    0000001c                                   : copy_zero_init.c.obj (.text:decompress:ZI:__TI_zero_init_nomemset:__TI_zero_init_nomemset)
                  0000245e    0000001c                                   : memccpy.c.obj (.text:memccpy)
                  0000247a    0000001a                                   : s_copysign.c.obj (.text:copysign)
                  00002494    00000018                                   : vsnprintf.c.obj (.text:_outc)
                  000024ac    00000018                                   : sprintf.c.obj (.text:_outs)
                  000024c4    00000018                                   : strcmp.c.obj (.text:strcmp)
                  000024dc    00000016                                   : strchr.c.obj (.text:strchr)
                  000024f2    00000014                                   : strcpy.c.obj (.text:strcpy)
                  00002506    00000014                                   : strlen.c.obj (.text:strlen)
                  0000251a    00000012                                   : wcslen.c.obj (.text:wcslen)
                  0000252c    00000010     lcd.obj (.text:lcd_clear)
                  0000253c    0000000e     rtsv7M4_T_le_v4SPD16_eabi.lib : copy_decompress_none.c.obj (.text:decompress:none:__TI_decompress_none)
                  0000254a    0000000a                                   : sprintf.c.obj (.text:_outc)
                  00002554    00000008                                   : errno.c.obj (.text:__aeabi_errno_addr)
                  0000255c    00000004                                   : pre_init.c.obj (.text:_system_pre_init)
                  00002560    00000004                                   : exit.c.obj (.text:abort:abort)

.const     0    00002564    00000109     
                  00002564    00000101     rtsv7M4_T_le_v4SPD16_eabi.lib : ctype.c.obj (.const:.string:_ctypes_)
                  00002665    00000004     lcd.obj (.const:.string:lineAddress$1)
                  00002669    00000004     lcd.obj (.const:.string:lineAddresses$2)

.bss       0    00002670    00000058     UNINITIALIZED
                  00002670    00000054     lcd.obj (.bss:lastbuffer$3)
                  000026c4    00000004     (.common:_timeout_ticks)

.data      0    000026c8    00000006     UNINITIALIZED
                  000026c8    00000004     rtsv7M4_T_le_v4SPD16_eabi.lib : errno.c.obj (.data)
                  000026cc    00000001     Timer.obj (.data)
                  000026cd    00000001     button.obj (.data)

.cinit     0    000036d0    00000040     
                  000036d0    0000000c     (__TI_handler_table)
                  000036dc    00000004     --HOLE-- [fill = 0]
                  000036e0    00000008     (.cinit..bss.load) [load image, compression = zero_init]
                  000036e8    00000008     (.cinit..vtable.load) [load image, compression = zero_init]
                  000036f0    00000007     (.cinit..data.load) [load image, compression = lzss]
                  000036f7    00000001     --HOLE-- [fill = 0]
                  000036f8    00000018     (__TI_cinit_table)

.init_array 
*          0    00000020    00000000     UNINITIALIZED

__llvm_prf_cnts 
*          0    00000020    00000000     UNINITIALIZED

.stack     0    000026d0    00001000     UNINITIALIZED
                  000026d0    00000004     rtsv7M4_T_le_v4SPD16_eabi.lib : boot_cortex_m.c.obj (.stack)
                  000026d4    00000ffc     --HOLE--

.vtable    0    00003800    0000026c     UNINITIALIZED
                  00003800    0000026c     driverlib.lib : interrupt.obj (.vtable)

MODULE SUMMARY

       Module                       code   ro data   rw data
       ------                       ----   -------   -------
    .\
       lcd.obj                      824    8         84     
       Timer.obj                    584    0         5      
       button.obj                   144    0         1      
       lab4_template.obj            56     0         0      
    +--+----------------------------+------+---------+---------+
       Total:                       1608   8         90     
                                                            
    C:/ti/TivaWare_C_Series-2.2.0.295/driverlib/ccs/Debug/driverlib.lib
       interrupt.obj                52     0         620    
    +--+----------------------------+------+---------+---------+
       Total:                       52     0         620    
                                                            
    C:\ti\ccs1230\ccs\tools\compiler\ti-cgt-arm_20.2.7.LTS\lib\rtsv7M4_T_le_v4SPD16_eabi.lib
       _printfi.c.obj               4851   0         0      
       fd_add_t2.asm.obj            438    0         0      
       fd_div_t2.asm.obj            310    0         0      
       s_scalbn.c.obj               272    0         0      
       fd_cmp_t2.asm.obj            268    0         0      
       ctype.c.obj                  0      257       0      
       fd_mul_t2.asm.obj            252    0         0      
       memcpy_t2.asm.obj            156    0         0      
       ull_div_t2.asm.obj           150    0         0      
       vsnprintf.c.obj              136    0         0      
       memset_t2.asm.obj            122    0         0      
       copy_decompress_lzss.c.obj   104    0         0      
       s_frexp.c.obj                100    0         0      
       sprintf.c.obj                98     0         0      
       _ltoa.c.obj                  84     0         0      
       atoi.c.obj                   76     0         0      
       fd_toi_t2.asm.obj            72     0         0      
       autoinit.c.obj               68     0         0      
       boot_cortex_m.c.obj          52     0         0      
       i_tofd_t2.asm.obj            46     0         0      
       copy_zero_init.c.obj         28     0         0      
       memccpy.c.obj                28     0         0      
       s_copysign.c.obj             26     0         0      
       strcmp.c.obj                 24     0         0      
       strchr.c.obj                 22     0         0      
       strcpy.c.obj                 20     0         0      
       strlen.c.obj                 20     0         0      
       wcslen.c.obj                 18     0         0      
       copy_decompress_none.c.obj   14     0         0      
       errno.c.obj                  8      0         4      
       exit.c.obj                   4      0         0      
       pre_init.c.obj               4      0         0      
       div0.asm.obj                 2      0         0      
    +--+----------------------------+------+---------+---------+
       Total:                       7873   257       4      
                                                            
       Stack:                       0      0         4096   
       Linker Generated:            0      59        0      
    +--+----------------------------+------+---------+---------+
       Grand Total:                 9533   324       4810   


LINKER GENERATED COPY TABLES

__TI_cinit_table @ 000036f8 records: 3, size/record: 8, table size: 24
	.bss: load addr=000036e0, load size=00000008 bytes, run addr=00002670, run size=00000058 bytes, compression=zero_init
	.vtable: load addr=000036e8, load size=00000008 bytes, run addr=00003800, run size=0000026c bytes, compression=zero_init
	.data: load addr=000036f0, load size=00000007 bytes, run addr=000026c8, run size=00000006 bytes, compression=lzss


LINKER GENERATED HANDLER TABLE

__TI_handler_table @ 000036d0 records: 3, size/record: 4, table size: 12
	index: 0, handler: __TI_decompress_lzss
	index: 1, handler: __TI_decompress_none
	index: 2, handler: __TI_zero_init


GLOBAL SYMBOLS: SORTED ALPHABETICALLY BY Name 

address   name                          
-------   ----                          
00002561  C$$EXIT                       
0000237d  IntRegister                   
000036d0  __STACK_END                   
00001000  __STACK_SIZE                  
000036f8  __TI_CINIT_Base               
00003710  __TI_CINIT_Limit              
000036d0  __TI_Handler_Table_Base       
000036dc  __TI_Handler_Table_Limit      
00002241  __TI_auto_init_nobinit_nopinit
00001fe5  __TI_decompress_lzss          
0000253d  __TI_decompress_none          
00002107  __TI_ltoa                     
ffffffff  __TI_pprof_out_hndl           
00000021  __TI_printfi                  
ffffffff  __TI_prof_data_size           
ffffffff  __TI_prof_data_start          
000036d0  __TI_static_base__            
00002443  __TI_zero_init_nomemset       
00001df1  __aeabi_cdcmpeq               
00001df1  __aeabi_cdcmple               
00001e77  __aeabi_cdrcmple              
000021f9  __aeabi_d2iz                  
0000142b  __aeabi_dadd                  
00001715  __aeabi_ddiv                  
00001a81  __aeabi_dmul                  
00001421  __aeabi_dsub                  
00002555  __aeabi_errno_addr            
00002415  __aeabi_i2d                   
00000a6f  __aeabi_idiv0                 
00000a6f  __aeabi_ldiv0                 
00001efd  __aeabi_memclr                
00001efd  __aeabi_memclr4               
00001efd  __aeabi_memclr8               
00001c2f  __aeabi_memcpy                
00001c2f  __aeabi_memcpy4               
00001c2f  __aeabi_memcpy8               
00001eff  __aeabi_memset                
00001eff  __aeabi_memset4               
00001eff  __aeabi_memset8               
00001ccb  __aeabi_uldivmod              
ffffffff  __binit__                     
ffffffff  __c_args__                    
UNDEFED   __mpu_init                    
000026d0  __stack                       
00000020  __start___llvm_prf_cnts       
00000020  __stop___llvm_prf_cnts        
000023b1  _c_int00_noargs               
00002564  _ctypes_                      
000026cc  _running                      
UNDEFED   _system_post_cinit            
0000255d  _system_pre_init              
000026c4  _timeout_ticks                
00002561  abort                         
000021ad  atoi                          
ffffffff  binit                         
00001d95  button_getButton              
00001d61  button_init                   
0000247b  copysign                      
0000247b  copysignl                     
000026c8  errno                         
0000204d  frexp                         
0000204d  frexpl                        
00003800  g_pfnRAMVectors               
0000252d  lcd_clear                     
00000c45  lcd_gotoLine                  
00000aad  lcd_init                      
00000cab  lcd_printf                    
00000b6d  lcd_putc                      
00000ba5  lcd_puts                      
00000a71  lcd_reverseNibble             
00000bc3  lcd_sendCommand               
00000c01  lcd_sendNibble                
00000c6d  lcd_setCursorPos              
00001971  ldexp                         
00001971  ldexpl                        
00002345  main                          
0000245f  memccpy                       
00001c2f  memcpy                        
00001f05  memset                        
00001971  scalbn                        
00001971  scalbnl                       
00002285  sprintf                       
000024dd  strchr                        
000024c5  strcmp                        
000024f3  strcpy                        
00002507  strlen                        
00001127  timer_getMicros               
000010cf  timer_getMillis               
00001009  timer_init                    
000010ab  timer_pause                   
000010bd  timer_resume                  
00001081  timer_stop                    
00001181  timer_waitMicros              
000011b3  timer_waitMillis              
000022c5  vsnprintf                     
0000251b  wcslen                        


GLOBAL SYMBOLS: SORTED BY Symbol Address 

address   name                          
-------   ----                          
00000020  __start___llvm_prf_cnts       
00000020  __stop___llvm_prf_cnts        
00000021  __TI_printfi                  
00000a6f  __aeabi_idiv0                 
00000a6f  __aeabi_ldiv0                 
00000a71  lcd_reverseNibble             
00000aad  lcd_init                      
00000b6d  lcd_putc                      
00000ba5  lcd_puts                      
00000bc3  lcd_sendCommand               
00000c01  lcd_sendNibble                
00000c45  lcd_gotoLine                  
00000c6d  lcd_setCursorPos              
00000cab  lcd_printf                    
00001000  __STACK_SIZE                  
00001009  timer_init                    
00001081  timer_stop                    
000010ab  timer_pause                   
000010bd  timer_resume                  
000010cf  timer_getMillis               
00001127  timer_getMicros               
00001181  timer_waitMicros              
000011b3  timer_waitMillis              
00001421  __aeabi_dsub                  
0000142b  __aeabi_dadd                  
00001715  __aeabi_ddiv                  
00001971  ldexp                         
00001971  ldexpl                        
00001971  scalbn                        
00001971  scalbnl                       
00001a81  __aeabi_dmul                  
00001c2f  __aeabi_memcpy                
00001c2f  __aeabi_memcpy4               
00001c2f  __aeabi_memcpy8               
00001c2f  memcpy                        
00001ccb  __aeabi_uldivmod              
00001d61  button_init                   
00001d95  button_getButton              
00001df1  __aeabi_cdcmpeq               
00001df1  __aeabi_cdcmple               
00001e77  __aeabi_cdrcmple              
00001efd  __aeabi_memclr                
00001efd  __aeabi_memclr4               
00001efd  __aeabi_memclr8               
00001eff  __aeabi_memset                
00001eff  __aeabi_memset4               
00001eff  __aeabi_memset8               
00001f05  memset                        
00001fe5  __TI_decompress_lzss          
0000204d  frexp                         
0000204d  frexpl                        
00002107  __TI_ltoa                     
000021ad  atoi                          
000021f9  __aeabi_d2iz                  
00002241  __TI_auto_init_nobinit_nopinit
00002285  sprintf                       
000022c5  vsnprintf                     
00002345  main                          
0000237d  IntRegister                   
000023b1  _c_int00_noargs               
00002415  __aeabi_i2d                   
00002443  __TI_zero_init_nomemset       
0000245f  memccpy                       
0000247b  copysign                      
0000247b  copysignl                     
000024c5  strcmp                        
000024dd  strchr                        
000024f3  strcpy                        
00002507  strlen                        
0000251b  wcslen                        
0000252d  lcd_clear                     
0000253d  __TI_decompress_none          
00002555  __aeabi_errno_addr            
0000255d  _system_pre_init              
00002561  C$$EXIT                       
00002561  abort                         
00002564  _ctypes_                      
000026c4  _timeout_ticks                
000026c8  errno                         
000026cc  _running                      
000026d0  __stack                       
000036d0  __STACK_END                   
000036d0  __TI_Handler_Table_Base       
000036d0  __TI_static_base__            
000036dc  __TI_Handler_Table_Limit      
000036f8  __TI_CINIT_Base               
00003710  __TI_CINIT_Limit              
00003800  g_pfnRAMVectors               
ffffffff  __TI_pprof_out_hndl           
ffffffff  __TI_prof_data_size           
ffffffff  __TI_prof_data_start          
ffffffff  __binit__                     
ffffffff  __c_args__                    
ffffffff  binit                         
UNDEFED   __mpu_init                    
UNDEFED   _system_post_cinit            

[96 symbols]
