******************************************************************************
                  TI ARM Linker PC v20.2.7                     
******************************************************************************
>> Linked Mon Apr  8 15:03:17 2024

OUTPUT FILE NAME:   <lab9.out>
ENTRY POINT SYMBOL: "_c_int00_noargs"  address: 0000292d


MEMORY CONFIGURATION

         name            origin    length      used     unused   attr    fill
----------------------  --------  ---------  --------  --------  ----  --------
  FLASH                 00000000   00040000  00002c51  0003d3af  R  X
  SRAM                  20000000   00008000  00000ad4  0000752c  RW X


SEGMENT ALLOCATION MAP

run origin  load origin   length   init length attrs members
----------  ----------- ---------- ----------- ----- -------
00000000    00000000    00002c58   00002c58    r-x
  00000000    00000000    0000026c   0000026c    r-- .intvecs
  0000026c    0000026c    0000289c   0000289c    r-x .text
  00002b08    00002b08    00000109   00000109    r-- .const
  00002c18    00002c18    00000040   00000040    r-- .cinit
20000000    20000000    00000ad8   00000000    rw-
  20000000    20000000    0000026c   00000000    rw- .vtable
  20000270    20000270    00000800   00000000    rw- .stack
  20000a70    20000a70    00000058   00000000    rw- .bss
  20000ac8    20000ac8    00000010   00000000    rw- .data


SECTION ALLOCATION MAP

 output                                  attributes/
section   page    origin      length       input sections
--------  ----  ----------  ----------   ----------------
.intvecs   0    00000000    0000026c     
                  00000000    0000026c     tm4c123gh6pm_startup_ccs.obj (.intvecs)

.text      0    0000026c    0000289c     
                  0000026c    00000a4e     rtsv7M4_T_le_v4SPD16_eabi.lib : _printfi.c.obj (.text:__TI_printfi)
                  00000cba    00000002                                   : div0.asm.obj (.text)
                  00000cbc    00000328     lcd.obj (.text)
                  00000fe4    00000280     ping_template.obj (.text)
                  00001264    00000270     rtsv7M4_T_le_v4SPD16_eabi.lib : _printfi.c.obj (.text:_pconv_a)
                  000014d4    00000248     Timer.obj (.text)
                  0000171c    000001d0     rtsv7M4_T_le_v4SPD16_eabi.lib : _printfi.c.obj (.text:_pconv_g)
                  000018ec    000001b6                                   : fd_add_t2.asm.obj (.text)
                  00001aa2    00000002     --HOLE-- [fill = 0]
                  00001aa4    0000013c                                   : _printfi.c.obj (.text:_pconv_e)
                  00001be0    00000136                                   : fd_div_t2.asm.obj (.text)
                  00001d16    00000002     --HOLE-- [fill = 0]
                  00001d18    00000124                                   : _printfi.c.obj (.text:fcvt)
                  00001e3c    00000110                                   : s_scalbn.c.obj (.text:scalbn)
                  00001f4c    000000fc                                   : fd_mul_t2.asm.obj (.text)
                  00002048    000000d0     lab9_template.obj (.text)
                  00002118    000000b1     rtsv7M4_T_le_v4SPD16_eabi.lib : _printfi.c.obj (.text:_ltostr)
                  000021c9    00000001     --HOLE-- [fill = 0]
                  000021ca    0000009c                                   : memcpy_t2.asm.obj (.text)
                  00002266    00000096                                   : ull_div_t2.asm.obj (.text)
                  000022fc    00000086                                   : fd_cmp_t2.asm.obj (.text:__aeabi_cdcmple)
                  00002382    00000086                                   : fd_cmp_t2.asm.obj (.text:__aeabi_cdrcmple)
                  00002408    0000007a                                   : memset_t2.asm.obj (.text)
                  00002482    0000006e                                   : _printfi.c.obj (.text:_mcpy)
                  000024f0    0000006e                                   : fd_tos_t2.asm.obj (.text)
                  0000255e    00000068                                   : copy_decompress_lzss.c.obj (.text:decompress:lzss:__TI_decompress_lzss)
                  000025c6    00000002     --HOLE-- [fill = 0]
                  000025c8    00000064                                   : s_frexp.c.obj (.text:frexp)
                  0000262c    00000056                                   : _printfi.c.obj (.text:_pconv_f)
                  00002682    00000054                                   : _ltoa.c.obj (.text:__TI_ltoa)
                  000026d6    00000052                                   : _printfi.c.obj (.text:_ecpy)
                  00002728    0000004c                                   : atoi.c.obj (.text:atoi)
                  00002774    00000048                                   : fd_toi_t2.asm.obj (.text)
                  000027bc    00000044                                   : autoinit.c.obj (.text:__TI_auto_init_nobinit_nopinit:__TI_auto_init_nobinit_nopinit)
                  00002800    00000040                                   : sprintf.c.obj (.text:sprintf)
                  00002840    00000040                                   : vsnprintf.c.obj (.text:vsnprintf)
                  00002880    0000003e                                   : _printfi.c.obj (.text:_fcpy)
                  000028be    00000038                                   : fs_tod_t2.asm.obj (.text)
                  000028f6    00000002     --HOLE-- [fill = 0]
                  000028f8    00000034     driverlib.lib : interrupt.obj (.text:IntRegister)
                  0000292c    00000034     rtsv7M4_T_le_v4SPD16_eabi.lib : boot_cortex_m.c.obj (.text:_c_int00_noargs:_c_int00_noargs)
                  00002960    00000030                                   : vsnprintf.c.obj (.text:_outs)
                  00002990    0000002e                                   : i_tofd_t2.asm.obj (.text)
                  000029be    0000001c                                   : copy_zero_init.c.obj (.text:decompress:ZI:__TI_zero_init_nomemset:__TI_zero_init_nomemset)
                  000029da    0000001c                                   : memccpy.c.obj (.text:memccpy)
                  000029f6    0000001a                                   : s_copysign.c.obj (.text:copysign)
                  00002a10    00000018                                   : vsnprintf.c.obj (.text:_outc)
                  00002a28    00000018                                   : sprintf.c.obj (.text:_outs)
                  00002a40    00000018                                   : strcmp.c.obj (.text:strcmp)
                  00002a58    00000016                                   : strchr.c.obj (.text:strchr)
                  00002a6e    00000014                                   : strcpy.c.obj (.text:strcpy)
                  00002a82    00000014                                   : strlen.c.obj (.text:strlen)
                  00002a96    00000012                                   : wcslen.c.obj (.text:wcslen)
                  00002aa8    00000010     driverlib.lib : interrupt.obj (.text:IntMasterEnable)
                  00002ab8    00000010     lcd.obj (.text:lcd_clear)
                  00002ac8    0000000e     rtsv7M4_T_le_v4SPD16_eabi.lib : copy_decompress_none.c.obj (.text:decompress:none:__TI_decompress_none)
                  00002ad6    0000000c     driverlib.lib : cpu.obj (.text:CPUcpsie)
                  00002ae2    0000000c     tm4c123gh6pm_startup_ccs.obj (.text)
                  00002aee    0000000a     rtsv7M4_T_le_v4SPD16_eabi.lib : sprintf.c.obj (.text:_outc)
                  00002af8    00000008                                   : errno.c.obj (.text:__aeabi_errno_addr)
                  00002b00    00000004                                   : pre_init.c.obj (.text:_system_pre_init)
                  00002b04    00000004                                   : exit.c.obj (.text:abort:abort)

.const     0    00002b08    00000109     
                  00002b08    00000101     rtsv7M4_T_le_v4SPD16_eabi.lib : ctype.c.obj (.const:.string:_ctypes_)
                  00002c09    00000004     lcd.obj (.const:.string:lineAddress$1)
                  00002c0d    00000004     lcd.obj (.const:.string:lineAddresses$2)

.cinit     0    00002c18    00000040     
                  00002c18    0000000c     (__TI_handler_table)
                  00002c24    00000004     --HOLE-- [fill = 0]
                  00002c28    00000008     (.cinit..bss.load) [load image, compression = zero_init]
                  00002c30    00000008     (.cinit..vtable.load) [load image, compression = zero_init]
                  00002c38    00000007     (.cinit..data.load) [load image, compression = lzss]
                  00002c3f    00000001     --HOLE-- [fill = 0]
                  00002c40    00000018     (__TI_cinit_table)

.init_array 
*          0    00000000    00000000     UNINITIALIZED

.vtable    0    20000000    0000026c     UNINITIALIZED
                  20000000    0000026c     driverlib.lib : interrupt.obj (.vtable)

.bss       0    20000a70    00000058     UNINITIALIZED
                  20000a70    00000054     lcd.obj (.bss:lastbuffer$3)
                  20000ac4    00000004     (.common:_timeout_ticks)

.data      0    20000ac8    00000010     UNINITIALIZED
                  20000ac8    0000000a     ping_template.obj (.data)
                  20000ad2    00000001     Timer.obj (.data)
                  20000ad3    00000001     --HOLE--
                  20000ad4    00000004     rtsv7M4_T_le_v4SPD16_eabi.lib : errno.c.obj (.data)

.stack     0    20000270    00000800     UNINITIALIZED
                  20000270    00000004     rtsv7M4_T_le_v4SPD16_eabi.lib : boot_cortex_m.c.obj (.stack)
                  20000274    000007fc     --HOLE--

__llvm_prf_cnts 
*          0    20000000    00000000     UNINITIALIZED

MODULE SUMMARY

       Module                         code    ro data   rw data
       ------                         ----    -------   -------
    .\
       lcd.obj                        824     8         84     
       ping_template.obj              640     0         10     
       tm4c123gh6pm_startup_ccs.obj   12      620       0      
       Timer.obj                      584     0         5      
       lab9_template.obj              208     0         0      
    +--+------------------------------+-------+---------+---------+
       Total:                         2268    628       99     
                                                               
    C:/ti/TivaWare_C_Series-2.2.0.295/driverlib/ccs/Debug/driverlib.lib
       interrupt.obj                  68      0         620    
       cpu.obj                        12      0         0      
    +--+------------------------------+-------+---------+---------+
       Total:                         80      0         620    
                                                               
    C:\ti\ccs1230\ccs\tools\compiler\ti-cgt-arm_20.2.7.LTS\lib\rtsv7M4_T_le_v4SPD16_eabi.lib
       _printfi.c.obj                 4851    0         0      
       fd_add_t2.asm.obj              438     0         0      
       fd_div_t2.asm.obj              310     0         0      
       s_scalbn.c.obj                 272     0         0      
       fd_cmp_t2.asm.obj              268     0         0      
       ctype.c.obj                    0       257       0      
       fd_mul_t2.asm.obj              252     0         0      
       memcpy_t2.asm.obj              156     0         0      
       ull_div_t2.asm.obj             150     0         0      
       vsnprintf.c.obj                136     0         0      
       memset_t2.asm.obj              122     0         0      
       fd_tos_t2.asm.obj              110     0         0      
       copy_decompress_lzss.c.obj     104     0         0      
       s_frexp.c.obj                  100     0         0      
       sprintf.c.obj                  98      0         0      
       _ltoa.c.obj                    84      0         0      
       atoi.c.obj                     76      0         0      
       fd_toi_t2.asm.obj              72      0         0      
       autoinit.c.obj                 68      0         0      
       fs_tod_t2.asm.obj              56      0         0      
       boot_cortex_m.c.obj            52      0         0      
       i_tofd_t2.asm.obj              46      0         0      
       copy_zero_init.c.obj           28      0         0      
       memccpy.c.obj                  28      0         0      
       s_copysign.c.obj               26      0         0      
       strcmp.c.obj                   24      0         0      
       strchr.c.obj                   22      0         0      
       strcpy.c.obj                   20      0         0      
       strlen.c.obj                   20      0         0      
       wcslen.c.obj                   18      0         0      
       copy_decompress_none.c.obj     14      0         0      
       errno.c.obj                    8       0         4      
       exit.c.obj                     4       0         0      
       pre_init.c.obj                 4       0         0      
       div0.asm.obj                   2       0         0      
    +--+------------------------------+-------+---------+---------+
       Total:                         8039    257       4      
                                                               
       Stack:                         0       0         2048   
       Linker Generated:              0       59        0      
    +--+------------------------------+-------+---------+---------+
       Grand Total:                   10387   944       2771   


LINKER GENERATED COPY TABLES

__TI_cinit_table @ 00002c40 records: 3, size/record: 8, table size: 24
	.bss: load addr=00002c28, load size=00000008 bytes, run addr=20000a70, run size=00000058 bytes, compression=zero_init
	.vtable: load addr=00002c30, load size=00000008 bytes, run addr=20000000, run size=0000026c bytes, compression=zero_init
	.data: load addr=00002c38, load size=00000007 bytes, run addr=20000ac8, run size=00000010 bytes, compression=lzss


LINKER GENERATED HANDLER TABLE

__TI_handler_table @ 00002c18 records: 3, size/record: 4, table size: 12
	index: 0, handler: __TI_zero_init
	index: 1, handler: __TI_decompress_lzss
	index: 2, handler: __TI_decompress_none


GLOBAL SYMBOLS: SORTED ALPHABETICALLY BY Name 

address   name                          
-------   ----                          
00002b05  C$$EXIT                       
00002ad7  CPUcpsie                      
20000acc  END_TIME                      
00002aa9  IntMasterEnable               
000028f9  IntRegister                   
00002ae3  ResetISR                      
20000ac8  START_TIME                    
20000ad0  STATE                         
00001133  TIMER3B_Handler               
20000a70  __STACK_END                   
00000800  __STACK_SIZE                  
20000470  __STACK_TOP                   
00002c40  __TI_CINIT_Base               
00002c58  __TI_CINIT_Limit              
00002c18  __TI_Handler_Table_Base       
00002c24  __TI_Handler_Table_Limit      
000027bd  __TI_auto_init_nobinit_nopinit
0000255f  __TI_decompress_lzss          
00002ac9  __TI_decompress_none          
00002683  __TI_ltoa                     
ffffffff  __TI_pprof_out_hndl           
0000026d  __TI_printfi                  
ffffffff  __TI_prof_data_size           
ffffffff  __TI_prof_data_start          
00000000  __TI_static_base__            
000029bf  __TI_zero_init_nomemset       
000022fd  __aeabi_cdcmpeq               
000022fd  __aeabi_cdcmple               
00002383  __aeabi_cdrcmple              
000024f1  __aeabi_d2f                   
00002775  __aeabi_d2iz                  
000018f7  __aeabi_dadd                  
00001be1  __aeabi_ddiv                  
00001f4d  __aeabi_dmul                  
000018ed  __aeabi_dsub                  
00002af9  __aeabi_errno_addr            
000028bf  __aeabi_f2d                   
00002991  __aeabi_i2d                   
00000cbb  __aeabi_idiv0                 
00000cbb  __aeabi_ldiv0                 
00002409  __aeabi_memclr                
00002409  __aeabi_memclr4               
00002409  __aeabi_memclr8               
000021cb  __aeabi_memcpy                
000021cb  __aeabi_memcpy4               
000021cb  __aeabi_memcpy8               
0000240b  __aeabi_memset                
0000240b  __aeabi_memset4               
0000240b  __aeabi_memset8               
00002267  __aeabi_uldivmod              
ffffffff  __binit__                     
ffffffff  __c_args__                    
UNDEFED   __mpu_init                    
20000270  __stack                       
20000000  __start___llvm_prf_cnts       
20000000  __stop___llvm_prf_cnts        
0000292d  _c_int00_noargs               
00002b08  _ctypes_                      
20000ad2  _running                      
UNDEFED   _system_post_cinit            
00002b01  _system_pre_init              
20000ac4  _timeout_ticks                
00002b05  abort                         
00002729  atoi                          
ffffffff  binit                         
000029f7  copysign                      
000029f7  copysignl                     
20000ad4  errno                         
000025c9  frexp                         
000025c9  frexpl                        
20000000  g_pfnRAMVectors               
00000000  g_pfnVectors                  
00002ab9  lcd_clear                     
00000e91  lcd_gotoLine                  
00000cf9  lcd_init                      
00000ef7  lcd_printf                    
00000db9  lcd_putc                      
00000df1  lcd_puts                      
00000cbd  lcd_reverseNibble             
00000e0f  lcd_sendCommand               
00000e4d  lcd_sendNibble                
00000eb9  lcd_setCursorPos              
00001e3d  ldexp                         
00001e3d  ldexpl                        
00002049  main                          
000029db  memccpy                       
000021cb  memcpy                        
00002411  memset                        
20000ad1  overflow                      
00001171  ping_getDistance              
00000fe5  ping_init                     
000010b5  ping_trigger                  
00001e3d  scalbn                        
00001e3d  scalbnl                       
00002801  sprintf                       
00002a59  strchr                        
00002a41  strcmp                        
00002a6f  strcpy                        
00002a83  strlen                        
000015f3  timer_getMicros               
0000159b  timer_getMillis               
000014d5  timer_init                    
00001577  timer_pause                   
00001589  timer_resume                  
0000154d  timer_stop                    
0000164d  timer_waitMicros              
0000167f  timer_waitMillis              
00002841  vsnprintf                     
00002a97  wcslen                        


GLOBAL SYMBOLS: SORTED BY Symbol Address 

address   name                          
-------   ----                          
00000000  __TI_static_base__            
00000000  g_pfnVectors                  
0000026d  __TI_printfi                  
00000800  __STACK_SIZE                  
00000cbb  __aeabi_idiv0                 
00000cbb  __aeabi_ldiv0                 
00000cbd  lcd_reverseNibble             
00000cf9  lcd_init                      
00000db9  lcd_putc                      
00000df1  lcd_puts                      
00000e0f  lcd_sendCommand               
00000e4d  lcd_sendNibble                
00000e91  lcd_gotoLine                  
00000eb9  lcd_setCursorPos              
00000ef7  lcd_printf                    
00000fe5  ping_init                     
000010b5  ping_trigger                  
00001133  TIMER3B_Handler               
00001171  ping_getDistance              
000014d5  timer_init                    
0000154d  timer_stop                    
00001577  timer_pause                   
00001589  timer_resume                  
0000159b  timer_getMillis               
000015f3  timer_getMicros               
0000164d  timer_waitMicros              
0000167f  timer_waitMillis              
000018ed  __aeabi_dsub                  
000018f7  __aeabi_dadd                  
00001be1  __aeabi_ddiv                  
00001e3d  ldexp                         
00001e3d  ldexpl                        
00001e3d  scalbn                        
00001e3d  scalbnl                       
00001f4d  __aeabi_dmul                  
00002049  main                          
000021cb  __aeabi_memcpy                
000021cb  __aeabi_memcpy4               
000021cb  __aeabi_memcpy8               
000021cb  memcpy                        
00002267  __aeabi_uldivmod              
000022fd  __aeabi_cdcmpeq               
000022fd  __aeabi_cdcmple               
00002383  __aeabi_cdrcmple              
00002409  __aeabi_memclr                
00002409  __aeabi_memclr4               
00002409  __aeabi_memclr8               
0000240b  __aeabi_memset                
0000240b  __aeabi_memset4               
0000240b  __aeabi_memset8               
00002411  memset                        
000024f1  __aeabi_d2f                   
0000255f  __TI_decompress_lzss          
000025c9  frexp                         
000025c9  frexpl                        
00002683  __TI_ltoa                     
00002729  atoi                          
00002775  __aeabi_d2iz                  
000027bd  __TI_auto_init_nobinit_nopinit
00002801  sprintf                       
00002841  vsnprintf                     
000028bf  __aeabi_f2d                   
000028f9  IntRegister                   
0000292d  _c_int00_noargs               
00002991  __aeabi_i2d                   
000029bf  __TI_zero_init_nomemset       
000029db  memccpy                       
000029f7  copysign                      
000029f7  copysignl                     
00002a41  strcmp                        
00002a59  strchr                        
00002a6f  strcpy                        
00002a83  strlen                        
00002a97  wcslen                        
00002aa9  IntMasterEnable               
00002ab9  lcd_clear                     
00002ac9  __TI_decompress_none          
00002ad7  CPUcpsie                      
00002ae3  ResetISR                      
00002af9  __aeabi_errno_addr            
00002b01  _system_pre_init              
00002b05  C$$EXIT                       
00002b05  abort                         
00002b08  _ctypes_                      
00002c18  __TI_Handler_Table_Base       
00002c24  __TI_Handler_Table_Limit      
00002c40  __TI_CINIT_Base               
00002c58  __TI_CINIT_Limit              
20000000  __start___llvm_prf_cnts       
20000000  __stop___llvm_prf_cnts        
20000000  g_pfnRAMVectors               
20000270  __stack                       
20000470  __STACK_TOP                   
20000a70  __STACK_END                   
20000ac4  _timeout_ticks                
20000ac8  START_TIME                    
20000acc  END_TIME                      
20000ad0  STATE                         
20000ad1  overflow                      
20000ad2  _running                      
20000ad4  errno                         
ffffffff  __TI_pprof_out_hndl           
ffffffff  __TI_prof_data_size           
ffffffff  __TI_prof_data_start          
ffffffff  __binit__                     
ffffffff  __c_args__                    
ffffffff  binit                         
UNDEFED   __mpu_init                    
UNDEFED   _system_post_cinit            

[109 symbols]
